17:08:06 **** Incremental Build of configuration Debug for project lab1B ****
make all 
make: Nothing to be done for 'all'.
17:10:33 **** Auto Build of configuration Debug for project lab1B ****
make all 
Building file: ../src/stopwatch.c
Invoking: MicroBlaze gcc compiler
mb-gcc -Wall -O0 -g3 -c -fmessage-length=0 -MT"src/stopwatch.o" -I../../lab1B_bsp/microblaze_0/include -mlittle-endian -mxl-barrel-shift -mxl-pattern-compare -mcpu=v11.0 -mno-xl-soft-mul -Wl,--no-relax -ffunction-sections -fdata-sections -MMD -MP -MF"src/stopwatch.d" -MT"src/stopwatch.o" -o "src/stopwatch.o" "../src/stopwatch.c"
In file included from ../src/stopwatch.c:16:0:
../../lab1B_bsp/microblaze_0/include/xbasic_types.h:111:2: warning: #warning The xbasics_type.h file is deprecated and users should use xil_types.h and xil_assert. [-Wcpp]
 #warning  The xbasics_type.h file is deprecated and users should use xil_types.h and xil_assert.
  ^~~~~~~
../../lab1B_bsp/microblaze_0/include/xbasic_types.h:112:2: warning: #warning Please refer the Standalone BSP UG647 for further details [-Wcpp]
 #warning  Please refer the Standalone BSP UG647 for further details
  ^~~~~~~
../src/stopwatch.c: In function 'main':
../src/stopwatch.c:36:10: warning: variable 'status' set but not used [-Wunused-but-set-variable]
  XStatus status;
          ^~~~~~
../src/stopwatch.c:34:10: warning: unused variable 'data' [-Wunused-variable]
  Xuint32 data;
          ^~~~
../src/stopwatch.c:33:10: warning: unused variable 'sys_tmrctr' [-Wunused-variable]
  XTmrCtr sys_tmrctr;
          ^~~~~~~~~~
../src/stopwatch.c:26:15: warning: unused variable 'axi_gpio_btn_Gpio' [-Wunused-variable]
  static XGpio axi_gpio_btn_Gpio;
               ^~~~~~~~~~~~~~~~~
../src/stopwatch.c:25:17: warning: unused variable 'axi_timer_1_Timer' [-Wunused-variable]
  static XTmrCtr axi_timer_1_Timer;
                 ^~~~~~~~~~~~~~~~~
../src/stopwatch.c:24:17: warning: unused variable 'axi_timer_0_Timer' [-Wunused-variable]
  static XTmrCtr axi_timer_0_Timer;
                 ^~~~~~~~~~~~~~~~~
../src/stopwatch.c:23:15: warning: unused variable 'intc' [-Wunused-variable]
  static XIntc intc;
               ^~~~
At top level:
../src/stopwatch.c:23:15: warning: 'intc' defined but not used [-Wunused-variable]
../src/stopwatch.c:24:17: warning: 'axi_timer_0_Timer' defined but not used [-Wunused-variable]
  static XTmrCtr axi_timer_0_Timer;
                 ^~~~~~~~~~~~~~~~~
../src/stopwatch.c:25:17: warning: 'axi_timer_1_Timer' defined but not used [-Wunused-variable]
  static XTmrCtr axi_timer_1_Timer;
                 ^~~~~~~~~~~~~~~~~
../src/stopwatch.c:26:15: warning: 'axi_gpio_btn_Gpio' defined but not used [-Wunused-variable]
  static XGpio axi_gpio_btn_Gpio;
               ^~~~~~~~~~~~~~~~~
Finished building: ../src/stopwatch.c
 
Building target: lab1B.elf
Invoking: MicroBlaze gcc linker
mb-gcc -Wl,-T -Wl,../src/lscript.ld -L../../lab1B_bsp/microblaze_0/lib -mlittle-endian -mxl-barrel-shift -mxl-pattern-compare -mcpu=v11.0 -mno-xl-soft-mul -Wl,--no-relax -Wl,--gc-sections -o "lab1B.elf"  ./src/sevenSeg_new.o ./src/stopwatch.o   -Wl,--start-group,-lxil,-lgcc,-lc,--end-group
Finished building target: lab1B.elf
 
Invoking: MicroBlaze Print Size
mb-size lab1B.elf  |tee "lab1B.elf.size"
   text	   data	    bss	    dec	    hex	filename
   3502	    404	   3246	   7152	   1bf0	lab1B.elf
Finished building: lab1B.elf.size
 
17:29:43 **** Auto Build of configuration Debug for project lab1B ****
make all 
Building file: ../src/stopwatch.c
Invoking: MicroBlaze gcc compiler
mb-gcc -Wall -O0 -g3 -c -fmessage-length=0 -MT"src/stopwatch.o" -I../../lab1B_bsp/microblaze_0/include -mlittle-endian -mxl-barrel-shift -mxl-pattern-compare -mcpu=v11.0 -mno-xl-soft-mul -Wl,--no-relax -ffunction-sections -fdata-sections -MMD -MP -MF"src/stopwatch.d" -MT"src/stopwatch.o" -o "src/stopwatch.o" "../src/stopwatch.c"
In file included from ../src/stopwatch.c:16:0:
../../lab1B_bsp/microblaze_0/include/xbasic_types.h:111:2: warning: #warning The xbasics_type.h file is deprecated and users should use xil_types.h and xil_assert. [-Wcpp]
 #warning  The xbasics_type.h file is deprecated and users should use xil_types.h and xil_assert.
  ^~~~~~~
../../lab1B_bsp/microblaze_0/include/xbasic_types.h:112:2: warning: #warning Please refer the Standalone BSP UG647 for further details [-Wcpp]
 #warning  Please refer the Standalone BSP UG647 for further details
  ^~~~~~~
../src/stopwatch.c: In function 'main':
../src/stopwatch.c:51:7: error: 'Status' undeclared (first use in this function); did you mean 'status'?
   if( Status == XST_DEVICE_NOT_FOUND )
       ^~~~~~
       status
../src/stopwatch.c:51:7: note: each undeclared identifier is reported only once for each function it appears in
../src/stopwatch.c:116:52: error: 'RESET_VALUE' undeclared (first use in this function)
   XTmrCtr_SetResetValue(&sys_tmrctr, 0, 0xFFFFFFFF-RESET_VALUE);  // 0x17D7840 = 25*10^6 clk cycles @ 50MHz = 500ms
                                                    ^~~~~~~~~~~
../src/stopwatch.c:39:10: warning: unused variable 'data' [-Wunused-variable]
  Xuint32 data;
          ^~~~
../src/stopwatch.c:31:15: warning: unused variable 'axi_gpio_btn_Gpio' [-Wunused-variable]
  static XGpio axi_gpio_btn_Gpio;
src/subdir.mk:24: recipe for target 'src/stopwatch.o' failed
               ^~~~~~~~~~~~~~~~~
../src/stopwatch.c:30:17: warning: unused variable 'axi_timer_1_Timer' [-Wunused-variable]
  static XTmrCtr axi_timer_1_Timer;
                 ^~~~~~~~~~~~~~~~~
../src/stopwatch.c:29:17: warning: unused variable 'axi_timer_0_Timer' [-Wunused-variable]
  static XTmrCtr axi_timer_0_Timer;
                 ^~~~~~~~~~~~~~~~~
../src/stopwatch.c:28:15: warning: unused variable 'intc' [-Wunused-variable]
  static XIntc intc;
               ^~~~
At top level:
../src/stopwatch.c:28:15: warning: 'intc' defined but not used [-Wunused-variable]
../src/stopwatch.c:29:17: warning: 'axi_timer_0_Timer' defined but not used [-Wunused-variable]
  static XTmrCtr axi_timer_0_Timer;
                 ^~~~~~~~~~~~~~~~~
../src/stopwatch.c:30:17: warning: 'axi_timer_1_Timer' defined but not used [-Wunused-variable]
  static XTmrCtr axi_timer_1_Timer;
                 ^~~~~~~~~~~~~~~~~
../src/stopwatch.c:31:15: warning: 'axi_gpio_btn_Gpio' defined but not used [-Wunused-variable]
  static XGpio axi_gpio_btn_Gpio;
               ^~~~~~~~~~~~~~~~~
make: *** [src/stopwatch.o] Error 1
17:34:06 **** Auto Build of configuration Debug for project lab1B ****
make all 
Building file: ../src/stopwatch.c
Invoking: MicroBlaze gcc compiler
mb-gcc -Wall -O0 -g3 -c -fmessage-length=0 -MT"src/stopwatch.o" -I../../lab1B_bsp/microblaze_0/include -mlittle-endian -mxl-barrel-shift -mxl-pattern-compare -mcpu=v11.0 -mno-xl-soft-mul -Wl,--no-relax -ffunction-sections -fdata-sections -MMD -MP -MF"src/stopwatch.d" -MT"src/stopwatch.o" -o "src/stopwatch.o" "../src/stopwatch.c"
In file included from ../src/stopwatch.c:16:0:
../../lab1B_bsp/microblaze_0/include/xbasic_types.h:111:2: warning: #warning The xbasics_type.h file is deprecated and users should use xil_types.h and xil_assert. [-Wcpp]
 #warning  The xbasics_type.h file is deprecated and users should use xil_types.h and xil_assert.
  ^~~~~~~
../../lab1B_bsp/microblaze_0/include/xbasic_types.h:112:2: warning: #warning Please refer the Standalone BSP UG647 for further details [-Wcpp]
 #warning  Please refer the Standalone BSP UG647 for further details
  ^~~~~~~
../src/stopwatch.c: In function 'main':
../src/stopwatch.c:51:7: error: 'Status' undeclared (first use in this function); did you mean 'status'?
   if( Status == XST_DEVICE_NOT_FOUND )
       ^~~~~~
       status
../src/stopwatch.c:51:7: note: each undeclared identifier is reported only once for each function it appears in
../src/stopwatch.c:117:52: error: 'RESET_VALUE' undeclared (first use in this function)
   XTmrCtr_SetResetValue(&sys_tmrctr, 0, 0xFFFFFFFF-RESET_VALUE);  // 0x17D7840 = 25*10^6 clk cycles @ 50MHz = 500ms
                                                    ^~~~~~~~~~~
../src/stopwatch.c:39:10: warning: unused variable 'data' [-Wunused-variable]
  Xuint32 data;
          ^~~~
../src/stopwatch.c:31:15: warning: unused variable 'axi_gpio_btn_Gpio' [-Wunused-variable]
  static XGpio axi_gpio_btn_Gpio;
               ^~~~~~~~~~~~~~~~~
../src/stopwatch.c:30:17: warning: unused variable 'axi_timer_1_Timer' [-Wunused-variable]
  static XTmrCtr axi_timer_1_Timer;
                 ^~~~~~~~~~~~~~~~~
../src/stopwatch.c:29:17: warning: unused variable 'axi_timer_0_Timer' [-Wunused-variable]
  static XTmrCtr axi_timer_0_Timer;
                 ^~~~~~~~~~~~~~~~~
../src/stopwatch.c:28:15: warning: unused variable 'intc' [-Wunused-variable]
  static XIntc intc;
               ^~~~
At top level:
../src/stopwatch.c:28:15: warning: 'intc' defined but not used [-Wunused-variable]
../src/stopwatch.c:29:17: warning: 'axi_timer_0_Timer' defined but not used [-Wunused-variable]
  static XTmrCtr axi_timer_0_Timer;
                 ^~~~~~~~~~~~~~~~~
../src/stopwatch.c:30:17: warning: 'axi_timer_1_Timer' defined but not used [-Wunused-variable]
  static XTmrCtr axi_timer_1_Timer;
                 ^~~~~~~~~~~~~~~~~
../src/stopwatch.c:31:15: warning: 'axi_gpio_btn_Gpio' defined but not used [-Wunused-variable]
  static XGpio axi_gpio_btn_Gpio;
               ^~~~~~~~~~~~~~~~~
src/subdir.mk:24: recipe for target 'src/stopwatch.o' failed
make: *** [src/stopwatch.o] Error 1
17:44:49 **** Auto Build of configuration Debug for project lab1B ****
make all 
Building file: ../src/stopwatch.c
Invoking: MicroBlaze gcc compiler
mb-gcc -Wall -O0 -g3 -c -fmessage-length=0 -MT"src/stopwatch.o" -I../../lab1B_bsp/microblaze_0/include -mlittle-endian -mxl-barrel-shift -mxl-pattern-compare -mcpu=v11.0 -mno-xl-soft-mul -Wl,--no-relax -ffunction-sections -fdata-sections -MMD -MP -MF"src/stopwatch.d" -MT"src/stopwatch.o" -o "src/stopwatch.o" "../src/stopwatch.c"
In file included from ../src/stopwatch.c:16:0:
../../lab1B_bsp/microblaze_0/include/xbasic_types.h:111:2: warning: #warning The xbasics_type.h file is deprecated and users should use xil_types.h and xil_assert. [-Wcpp]
 #warning  The xbasics_type.h file is deprecated and users should use xil_types.h and xil_assert.
  ^~~~~~~
../../lab1B_bsp/microblaze_0/include/xbasic_types.h:112:2: warning: #warning Please refer the Standalone BSP UG647 for further details [-Wcpp]
 #warning  Please refer the Standalone BSP UG647 for further details
  ^~~~~~~
../src/stopwatch.c: In function 'main':
../src/stopwatch.c:49:7: error: 'Status' undeclared (first use in this function); did you mean 'status'?
   if (Status == XST_DEVICE_NOT_FOUND) {
       ^~~~~~
       status
../src/stopwatch.c:49:7: note: each undeclared identifier is reported only once for each function it appears in
../src/stopwatch.c:38:10: warning: unused variable 'data' [-Wunused-variable]
  Xuint32 data;
          ^~~~
../src/stopwatch.c:30:15: warning: unused variable 'axi_gpio_btn_Gpio' [-Wunused-variable]
  static XGpio axi_gpio_btn_Gpio;
               ^~~~~~~~~~~~~~~~~
../src/stopwatch.c:29:17: warning: unused variable 'axi_timer_1_Timer' [-Wunused-variable]
  static XTmrCtr axi_timer_1_Timer;
                 ^~~~~~~~~~~~~~~~~
../src/stopwatch.c:28:17: warning: unused variable 'axi_timer_0_Timer' [-Wunused-variable]
  static XTmrCtr axi_timer_0_Timer;
                 ^~~~~~~~~~~~~~~~~
../src/stopwatch.c:27:15: warning: unused variable 'intc' [-Wunused-variable]
  static XIntc intc;
               ^~~~
At top level:
../src/stopwatch.c:27:15: warning: 'intc' defined but not used [-Wunused-variable]
../src/stopwatch.c:28:17: warning: 'axi_timer_0_Timer' defined but not used [-Wunused-variable]
  static XTmrCtr axi_timer_0_Timer;
                 ^~~~~~~~~~~~~~~~~
../src/stopwatch.c:29:17: warning: 'axi_timer_1_Timer' defined but not used [-Wunused-variable]
  static XTmrCtr axi_timer_1_Timer;
                 ^~~~~~~~~~~~~~~~~
../src/stopwatch.c:30:15: warning: 'axi_gpio_btn_Gpio' defined but not used [-Wunused-variable]
  static XGpio axi_gpio_btn_Gpio;
               ^~~~~~~~~~~~~~~~~
src/subdir.mk:24: recipe for target 'src/stopwatch.o' failed
make: *** [src/stopwatch.o] Error 1
17:45:27 **** Auto Build of configuration Debug for project lab1B ****
make all 
Building file: ../src/stopwatch.c
Invoking: MicroBlaze gcc compiler
mb-gcc -Wall -O0 -g3 -c -fmessage-length=0 -MT"src/stopwatch.o" -I../../lab1B_bsp/microblaze_0/include -mlittle-endian -mxl-barrel-shift -mxl-pattern-compare -mcpu=v11.0 -mno-xl-soft-mul -Wl,--no-relax -ffunction-sections -fdata-sections -MMD -MP -MF"src/stopwatch.d" -MT"src/stopwatch.o" -o "src/stopwatch.o" "../src/stopwatch.c"
In file included from ../src/stopwatch.c:16:0:
../../lab1B_bsp/microblaze_0/include/xbasic_types.h:111:2: warning: #warning The xbasics_type.h file is deprecated and users should use xil_types.h and xil_assert. [-Wcpp]
 #warning  The xbasics_type.h file is deprecated and users should use xil_types.h and xil_assert.
  ^~~~~~~
../../lab1B_bsp/microblaze_0/include/xbasic_types.h:112:2: warning: #warning Please refer the Standalone BSP UG647 for further details [-Wcpp]
 #warning  Please refer the Standalone BSP UG647 for further details
  ^~~~~~~
../src/stopwatch.c: In function 'main':
../src/stopwatch.c:49:7: error: 'Status' undeclared (first use in this function); did you mean 'status'?
   if (Status == XST_DEVICE_NOT_FOUND) {
       ^~~~~~
       status
../src/stopwatch.c:49:7: note: each undeclared identifier is reported only once for each function it appears in
../src/stopwatch.c:38:10: warning: unused variable 'data' [-Wunused-variable]
  Xuint32 data;
          ^~~~
../src/stopwatch.c:30:15: warning: unused variable 'axi_gpio_btn_Gpio' [-Wunused-variable]
src/subdir.mk:24: recipe for target 'src/stopwatch.o' failed
  static XGpio axi_gpio_btn_Gpio;
               ^~~~~~~~~~~~~~~~~
../src/stopwatch.c:29:17: warning: unused variable 'axi_timer_1_Timer' [-Wunused-variable]
  static XTmrCtr axi_timer_1_Timer;
                 ^~~~~~~~~~~~~~~~~
../src/stopwatch.c:28:17: warning: unused variable 'axi_timer_0_Timer' [-Wunused-variable]
  static XTmrCtr axi_timer_0_Timer;
                 ^~~~~~~~~~~~~~~~~
../src/stopwatch.c:27:15: warning: unused variable 'intc' [-Wunused-variable]
  static XIntc intc;
               ^~~~
At top level:
../src/stopwatch.c:27:15: warning: 'intc' defined but not used [-Wunused-variable]
../src/stopwatch.c:28:17: warning: 'axi_timer_0_Timer' defined but not used [-Wunused-variable]
  static XTmrCtr axi_timer_0_Timer;
                 ^~~~~~~~~~~~~~~~~
../src/stopwatch.c:29:17: warning: 'axi_timer_1_Timer' defined but not used [-Wunused-variable]
  static XTmrCtr axi_timer_1_Timer;
                 ^~~~~~~~~~~~~~~~~
../src/stopwatch.c:30:15: warning: 'axi_gpio_btn_Gpio' defined but not used [-Wunused-variable]
  static XGpio axi_gpio_btn_Gpio;
               ^~~~~~~~~~~~~~~~~
make: *** [src/stopwatch.o] Error 1
17:55:15 **** Auto Build of configuration Debug for project lab1B ****
make all 
Building file: ../src/stopwatch.c
Invoking: MicroBlaze gcc compiler
mb-gcc -Wall -O0 -g3 -c -fmessage-length=0 -MT"src/stopwatch.o" -I../../lab1B_bsp/microblaze_0/include -mlittle-endian -mxl-barrel-shift -mxl-pattern-compare -mcpu=v11.0 -mno-xl-soft-mul -Wl,--no-relax -ffunction-sections -fdata-sections -MMD -MP -MF"src/stopwatch.d" -MT"src/stopwatch.o" -o "src/stopwatch.o" "../src/stopwatch.c"
In file included from ../src/stopwatch.c:16:0:
../../lab1B_bsp/microblaze_0/include/xbasic_types.h:111:2: warning: #warning The xbasics_type.h file is deprecated and users should use xil_types.h and xil_assert. [-Wcpp]
 #warning  The xbasics_type.h file is deprecated and users should use xil_types.h and xil_assert.
  ^~~~~~~
../../lab1B_bsp/microblaze_0/include/xbasic_types.h:112:2: warning: #warning Please refer the Standalone BSP UG647 for further details [-Wcpp]
 #warning  Please refer the Standalone BSP UG647 for further details
  ^~~~~~~
../src/stopwatch.c: In function 'main':
../src/stopwatch.c:49:7: error: 'Status' undeclared (first use in this function); did you mean 'status'?
   if (Status == XST_DEVICE_NOT_FOUND) {
       ^~~~~~
       status
../src/stopwatch.c:49:7: note: each undeclared identifier is reported only once for each function it appears in
../src/stopwatch.c:38:10: warning: unused variable 'data' [-Wunused-variable]
  Xuint32 data;
          ^~~~
../src/stopwatch.c:30:15: warning: unused variable 'axi_gpio_btn_Gpio' [-Wunused-variable]
  static XGpio axi_gpio_btn_Gpio;
               ^~~~~~~~~~~~~~~~~
../src/stopwatch.c:29:17: warning: unused variable 'axi_timer_1_Timer' [-Wunused-variable]
  static XTmrCtr axi_timer_1_Timer;
                 ^~~~~~~~~~~~~~~~~
../src/stopwatch.c:28:17: warning: unused variable 'axi_timer_0_Timer' [-Wunused-variable]
  static XTmrCtr axi_timer_0_Timer;
                 ^~~~~~~~~~~~~~~~~
../src/stopwatch.c:27:15: warning: unused variable 'intc' [-Wunused-variable]
  static XIntc intc;
               ^~~~
At top level:
../src/stopwatch.c:27:15: warning: 'intc' defined but not used [-Wunused-variable]
../src/stopwatch.c:28:17: warning: 'axi_timer_0_Timer' defined but not used [-Wunused-variable]
  static XTmrCtr axi_timer_0_Timer;
                 ^~~~~~~~~~~~~~~~~
../src/stopwatch.c:29:17: warning: 'axi_timer_1_Timer' defined but not used [-Wunused-variable]
  static XTmrCtr axi_timer_1_Timer;
                 ^~~~~~~~~~~~~~~~~
../src/stopwatch.c:30:15: warning: 'axi_gpio_btn_Gpio' defined but not used [-Wunused-variable]
  static XGpio axi_gpio_btn_Gpio;
               ^~~~~~~~~~~~~~~~~
src/subdir.mk:24: recipe for target 'src/stopwatch.o' failed
make: *** [src/stopwatch.o] Error 1
17:56:31 **** Auto Build of configuration Debug for project lab1B ****
make all 
Building file: ../src/stopwatch.c
Invoking: MicroBlaze gcc compiler
mb-gcc -Wall -O0 -g3 -c -fmessage-length=0 -MT"src/stopwatch.o" -I../../lab1B_bsp/microblaze_0/include -mlittle-endian -mxl-barrel-shift -mxl-pattern-compare -mcpu=v11.0 -mno-xl-soft-mul -Wl,--no-relax -ffunction-sections -fdata-sections -MMD -MP -MF"src/stopwatch.d" -MT"src/stopwatch.o" -o "src/stopwatch.o" "../src/stopwatch.c"
In file included from ../src/stopwatch.c:16:0:
../../lab1B_bsp/microblaze_0/include/xbasic_types.h:111:2: warning: #warning The xbasics_type.h file is deprecated and users should use xil_types.h and xil_assert. [-Wcpp]
 #warning  The xbasics_type.h file is deprecated and users should use xil_types.h and xil_assert.
  ^~~~~~~
../../lab1B_bsp/microblaze_0/include/xbasic_types.h:112:2: warning: #warning Please refer the Standalone BSP UG647 for further details [-Wcpp]
 #warning  Please refer the Standalone BSP UG647 for further details
  ^~~~~~~
../src/stopwatch.c: In function 'main':
../src/stopwatch.c:80:6: error: 'Status' undeclared (first use in this function); did you mean 'status'?
src/subdir.mk:24: recipe for target 'src/stopwatch.o' failed
  if (Status != XST_SUCCESS) {
      ^~~~~~
      status
../src/stopwatch.c:80:6: note: each undeclared identifier is reported only once for each function it appears in
../src/stopwatch.c:38:10: warning: unused variable 'data' [-Wunused-variable]
  Xuint32 data;
          ^~~~
../src/stopwatch.c:30:15: warning: unused variable 'axi_gpio_btn_Gpio' [-Wunused-variable]
  static XGpio axi_gpio_btn_Gpio;
               ^~~~~~~~~~~~~~~~~
../src/stopwatch.c:29:17: warning: unused variable 'axi_timer_1_Timer' [-Wunused-variable]
  static XTmrCtr axi_timer_1_Timer;
                 ^~~~~~~~~~~~~~~~~
../src/stopwatch.c:28:17: warning: unused variable 'axi_timer_0_Timer' [-Wunused-variable]
  static XTmrCtr axi_timer_0_Timer;
                 ^~~~~~~~~~~~~~~~~
../src/stopwatch.c:27:15: warning: unused variable 'intc' [-Wunused-variable]
  static XIntc intc;
               ^~~~
At top level:
../src/stopwatch.c:27:15: warning: 'intc' defined but not used [-Wunused-variable]
../src/stopwatch.c:28:17: warning: 'axi_timer_0_Timer' defined but not used [-Wunused-variable]
  static XTmrCtr axi_timer_0_Timer;
                 ^~~~~~~~~~~~~~~~~
../src/stopwatch.c:29:17: warning: 'axi_timer_1_Timer' defined but not used [-Wunused-variable]
  static XTmrCtr axi_timer_1_Timer;
                 ^~~~~~~~~~~~~~~~~
../src/stopwatch.c:30:15: warning: 'axi_gpio_btn_Gpio' defined but not used [-Wunused-variable]
  static XGpio axi_gpio_btn_Gpio;
               ^~~~~~~~~~~~~~~~~
make: *** [src/stopwatch.o] Error 1
18:19:18 **** Auto Build of configuration Debug for project lab1B ****
make all 
Building file: ../src/stopwatch.c
Invoking: MicroBlaze gcc compiler
mb-gcc -Wall -O0 -g3 -c -fmessage-length=0 -MT"src/stopwatch.o" -I../../lab1B_bsp/microblaze_0/include -mlittle-endian -mxl-barrel-shift -mxl-pattern-compare -mcpu=v11.0 -mno-xl-soft-mul -Wl,--no-relax -ffunction-sections -fdata-sections -MMD -MP -MF"src/stopwatch.d" -MT"src/stopwatch.o" -o "src/stopwatch.o" "../src/stopwatch.c"
In file included from ../src/stopwatch.c:16:0:
../../lab1B_bsp/microblaze_0/include/xbasic_types.h:111:2: warning: #warning The xbasics_type.h file is deprecated and users should use xil_types.h and xil_assert. [-Wcpp]
 #warning  The xbasics_type.h file is deprecated and users should use xil_types.h and xil_assert.
  ^~~~~~~
../../lab1B_bsp/microblaze_0/include/xbasic_types.h:112:2: warning: #warning Please refer the Standalone BSP UG647 for further details [-Wcpp]
 #warning  Please refer the Standalone BSP UG647 for further details
  ^~~~~~~
../src/stopwatch.c: In function 'main':
../src/stopwatch.c:97:6: error: 'Status' undeclared (first use in this function); did you mean 'status'?
  if (Status != XST_SUCCESS) {
      ^~~~~~
      status
../src/stopwatch.c:97:6: note: each undeclared identifier is reported only once for each function it appears in
../src/stopwatch.c:37:10: warning: unused variable 'data' [-Wunused-variable]
  Xuint32 data;
          ^~~~
../src/stopwatch.c:29:15: warning: unused variable 'axi_gpio_btn_Gpio' [-Wunused-variable]
  static XGpio axi_gpio_btn_Gpio;
               ^~~~~~~~~~~~~~~~~
../src/stopwatch.c:28:17: warning: unused variable 'axi_timer_1_Timer' [-Wunused-variable]
  static XTmrCtr axi_timer_1_Timer;
                 ^~~~~~~~~~~~~~~~~
../src/stopwatch.c:27:17: warning: unused variable 'axi_timer_0_Timer' [-Wunused-variable]
  static XTmrCtr axi_timer_0_Timer;
                 ^~~~~~~~~~~~~~~~~
At top level:
../src/stopwatch.c:27:17: warning: 'axi_timer_0_Timer' defined but not used [-Wunused-variable]
../src/stopwatch.c:28:17: warning: 'axi_timer_1_Timer' defined but not used [-Wunused-variable]
  static XTmrCtr axi_timer_1_Timer;
                 ^~~~~~~~~~~~~~~~~
../src/stopwatch.c:29:15: warning: 'axi_gpio_btn_Gpio' defined but not used [-Wunused-variable]
  static XGpio axi_gpio_btn_Gpio;
               ^~~~~~~~~~~~~~~~~
src/subdir.mk:24: recipe for target 'src/stopwatch.o' failed
make: *** [src/stopwatch.o] Error 1
18:19:26 **** Auto Build of configuration Debug for project lab1B ****
make all 
Building file: ../src/stopwatch.c
Invoking: MicroBlaze gcc compiler
mb-gcc -Wall -O0 -g3 -c -fmessage-length=0 -MT"src/stopwatch.o" -I../../lab1B_bsp/microblaze_0/include -mlittle-endian -mxl-barrel-shift -mxl-pattern-compare -mcpu=v11.0 -mno-xl-soft-mul -Wl,--no-relax -ffunction-sections -fdata-sections -MMD -MP -MF"src/stopwatch.d" -MT"src/stopwatch.o" -o "src/stopwatch.o" "../src/stopwatch.c"
In file included from ../src/stopwatch.c:16:0:
../../lab1B_bsp/microblaze_0/include/xbasic_types.h:111:2: warning: #warning The xbasics_type.h file is deprecated and users should use xil_types.h and xil_assert. [-Wcpp]
 #warning  The xbasics_type.h file is deprecated and users should use xil_types.h and xil_assert.
  ^~~~~~~
../../lab1B_bsp/microblaze_0/include/xbasic_types.h:112:2: warning: #warning Please refer the Standalone BSP UG647 for further details [-Wcpp]
 #warning  Please refer the Standalone BSP UG647 for further details
  ^~~~~~~
../src/stopwatch.c: In function 'main':
../src/stopwatch.c:37:10: warning: unused variable 'data' [-Wunused-variable]
  Xuint32 data;
          ^~~~
../src/stopwatch.c:29:15: warning: unused variable 'axi_gpio_btn_Gpio' [-Wunused-variable]
  static XGpio axi_gpio_btn_Gpio;
               ^~~~~~~~~~~~~~~~~
../src/stopwatch.c:28:17: warning: unused variable 'axi_timer_1_Timer' [-Wunused-variable]
  static XTmrCtr axi_timer_1_Timer;
                 ^~~~~~~~~~~~~~~~~
../src/stopwatch.c:27:17: warning: unused variable 'axi_timer_0_Timer' [-Wunused-variable]
  static XTmrCtr axi_timer_0_Timer;
                 ^~~~~~~~~~~~~~~~~
At top level:
../src/stopwatch.c:27:17: warning: 'axi_timer_0_Timer' defined but not used [-Wunused-variable]
../src/stopwatch.c:28:17: warning: 'axi_timer_1_Timer' defined but not used [-Wunused-variable]
  static XTmrCtr axi_timer_1_Timer;
                 ^~~~~~~~~~~~~~~~~
../src/stopwatch.c:29:15: warning: 'axi_gpio_btn_Gpio' defined but not used [-Wunused-variable]
  static XGpio axi_gpio_btn_Gpio;
               ^~~~~~~~~~~~~~~~~
Finished building: ../src/stopwatch.c
 
Building target: lab1B.elf
Invoking: MicroBlaze gcc linker
mb-gcc -Wl,-T -Wl,../src/lscript.ld -L../../lab1B_bsp/microblaze_0/lib -mlittle-endian -mxl-barrel-shift -mxl-pattern-compare -mcpu=v11.0 -mno-xl-soft-mul -Wl,--no-relax -Wl,--gc-sections -o "lab1B.elf"  ./src/sevenSeg_new.o ./src/stopwatch.o   -Wl,--start-group,-lxil,-lgcc,-lc,--end-group
Finished building target: lab1B.elf
 
Invoking: MicroBlaze Print Size
mb-size lab1B.elf  |tee "lab1B.elf.size"
   text	   data	    bss	    dec	    hex	filename
  10276	    436	   3248	  13960	   3688	lab1B.elf
Finished building: lab1B.elf.size
 
18:38:40 **** Auto Build of configuration Debug for project lab1B ****
make all 
Building file: ../src/stopwatch.c
Invoking: MicroBlaze gcc compiler
mb-gcc -Wall -O0 -g3 -c -fmessage-length=0 -MT"src/stopwatch.o" -I../../lab1B_bsp/microblaze_0/include -mlittle-endian -mxl-barrel-shift -mxl-pattern-compare -mcpu=v11.0 -mno-xl-soft-mul -Wl,--no-relax -ffunction-sections -fdata-sections -MMD -MP -MF"src/stopwatch.d" -MT"src/stopwatch.o" -o "src/stopwatch.o" "../src/stopwatch.c"
In file included from ../src/stopwatch.c:16:0:
../../lab1B_bsp/microblaze_0/include/xbasic_types.h:111:2: warning: #warning The xbasics_type.h file is deprecated and users should use xil_types.h and xil_assert. [-Wcpp]
 #warning  The xbasics_type.h file is deprecated and users should use xil_types.h and xil_assert.
  ^~~~~~~
../../lab1B_bsp/microblaze_0/include/xbasic_types.h:112:2: warning: #warning Please refer the Standalone BSP UG647 for further details [-Wcpp]
 #warning  Please refer the Standalone BSP UG647 for further details
  ^~~~~~~
../src/stopwatch.c: In function 'main':
../src/stopwatch.c:37:10: warning: unused variable 'data' [-Wunused-variable]
  Xuint32 data;
          ^~~~
../src/stopwatch.c:29:15: warning: unused variable 'axi_gpio_btn_Gpio' [-Wunused-variable]
  static XGpio axi_gpio_btn_Gpio;
               ^~~~~~~~~~~~~~~~~
../src/stopwatch.c:28:17: warning: unused variable 'axi_timer_1_Timer' [-Wunused-variable]
  static XTmrCtr axi_timer_1_Timer;
                 ^~~~~~~~~~~~~~~~~
../src/stopwatch.c:27:17: warning: unused variable 'axi_timer_0_Timer' [-Wunused-variable]
  static XTmrCtr axi_timer_0_Timer;
                 ^~~~~~~~~~~~~~~~~
At top level:
../src/stopwatch.c:27:17: warning: 'axi_timer_0_Timer' defined but not used [-Wunused-variable]
../src/stopwatch.c:28:17: warning: 'axi_timer_1_Timer' defined but not used [-Wunused-variable]
  static XTmrCtr axi_timer_1_Timer;
                 ^~~~~~~~~~~~~~~~~
../src/stopwatch.c:29:15: warning: 'axi_gpio_btn_Gpio' defined but not used [-Wunused-variable]
  static XGpio axi_gpio_btn_Gpio;
               ^~~~~~~~~~~~~~~~~
Finished building: ../src/stopwatch.c
 
Building target: lab1B.elf
Invoking: MicroBlaze gcc linker
mb-gcc -Wl,-T -Wl,../src/lscript.ld -L../../lab1B_bsp/microblaze_0/lib -mlittle-endian -mxl-barrel-shift -mxl-pattern-compare -mcpu=v11.0 -mno-xl-soft-mul -Wl,--no-relax -Wl,--gc-sections -o "lab1B.elf"  ./src/sevenSeg_new.o ./src/stopwatch.o   -Wl,--start-group,-lxil,-lgcc,-lc,--end-group
Finished building target: lab1B.elf
 
Invoking: MicroBlaze Print Size
mb-size lab1B.elf  |tee "lab1B.elf.size"
   text	   data	    bss	    dec	    hex	filename
  67380	   1604	   3312	  72296	  11a68	lab1B.elf
Finished building: lab1B.elf.size
 
18:39:35 **** Incremental Build of configuration Debug for project lab1B ****
make all 
make: Nothing to be done for 'all'.
18:40:08 **** Auto Build of configuration Debug for project lab1B ****
make all 
Building file: ../src/stopwatch.c
Invoking: MicroBlaze gcc compiler
mb-gcc -Wall -O0 -g3 -c -fmessage-length=0 -MT"src/stopwatch.o" -I../../lab1B_bsp/microblaze_0/include -mlittle-endian -mxl-barrel-shift -mxl-pattern-compare -mcpu=v11.0 -mno-xl-soft-mul -Wl,--no-relax -ffunction-sections -fdata-sections -MMD -MP -MF"src/stopwatch.d" -MT"src/stopwatch.o" -o "src/stopwatch.o" "../src/stopwatch.c"
In file included from ../src/stopwatch.c:16:0:
../../lab1B_bsp/microblaze_0/include/xbasic_types.h:111:2: warning: #warning The xbasics_type.h file is deprecated and users should use xil_types.h and xil_assert. [-Wcpp]
 #warning  The xbasics_type.h file is deprecated and users should use xil_types.h and xil_assert.
  ^~~~~~~
../../lab1B_bsp/microblaze_0/include/xbasic_types.h:112:2: warning: #warning Please refer the Standalone BSP UG647 for further details [-Wcpp]
 #warning  Please refer the Standalone BSP UG647 for further details
  ^~~~~~~
../src/stopwatch.c: In function 'main':
../src/stopwatch.c:126:2: warning: implicit declaration of function 'noop' [-Wimplicit-function-declaration]
  noop();
  ^~~~
../src/stopwatch.c:37:10: warning: unused variable 'data' [-Wunused-variable]
  Xuint32 data;
          ^~~~
../src/stopwatch.c:29:15: warning: unused variable 'axi_gpio_btn_Gpio' [-Wunused-variable]
  static XGpio axi_gpio_btn_Gpio;
               ^~~~~~~~~~~~~~~~~
../src/stopwatch.c:28:17: warning: unused variable 'axi_timer_1_Timer' [-Wunused-variable]
  static XTmrCtr axi_timer_1_Timer;
                 ^~~~~~~~~~~~~~~~~
../src/stopwatch.c:27:17: warning: unused variable 'axi_timer_0_Timer' [-Wunused-variable]
  static XTmrCtr axi_timer_0_Timer;
                 ^~~~~~~~~~~~~~~~~
At top level:
../src/stopwatch.c:27:17: warning: 'axi_timer_0_Timer' defined but not used [-Wunused-variable]
../src/stopwatch.c:28:17: warning: 'axi_timer_1_Timer' defined but not used [-Wunused-variable]
  static XTmrCtr axi_timer_1_Timer;
                 ^~~~~~~~~~~~~~~~~
../src/stopwatch.c:29:15: warning: 'axi_gpio_btn_Gpio' defined but not used [-Wunused-variable]
  static XGpio axi_gpio_btn_Gpio;
               ^~~~~~~~~~~~~~~~~
Finished building: ../src/stopwatch.c
 
Building target: lab1B.elf
Invoking: MicroBlaze gcc linker
mb-gcc -Wl,-T -Wl,../src/lscript.ld -L../../lab1B_bsp/microblaze_0/lib -mlittle-endian -mxl-barrel-shift -mxl-pattern-compare -mcpu=v11.0 -mno-xl-soft-mul -Wl,--no-relax -Wl,--gc-sections -o "lab1B.elf"  ./src/sevenSeg_new.o ./src/stopwatch.o   -Wl,--start-group,-lxil,-lgcc,-lc,--end-group
./src/stopwatch.o: In function `main':
/home/eolmos/ECE-153A-Labs/Lab1B_handout/Lab1B/Lab1B.sdk/lab1B/Debug/../src/stopwatch.c:126: undefined reference to `noop'
/home/eolmos/ECE-153A-Labs/Lab1B_handout/Lab1B/Lab1B.sdk/lab1B/Debug/../src/stopwatch.c:127: undefined reference to `noop'
collect2: error: ld returned 1 exit status
makefile:36: recipe for target 'lab1B.elf' failed
make: *** [lab1B.elf] Error 1
18:40:50 **** Auto Build of configuration Debug for project lab1B ****
make all 
Building file: ../src/stopwatch.c
Invoking: MicroBlaze gcc compiler
mb-gcc -Wall -O0 -g3 -c -fmessage-length=0 -MT"src/stopwatch.o" -I../../lab1B_bsp/microblaze_0/include -mlittle-endian -mxl-barrel-shift -mxl-pattern-compare -mcpu=v11.0 -mno-xl-soft-mul -Wl,--no-relax -ffunction-sections -fdata-sections -MMD -MP -MF"src/stopwatch.d" -MT"src/stopwatch.o" -o "src/stopwatch.o" "../src/stopwatch.c"
In file included from ../src/stopwatch.c:16:0:
../../lab1B_bsp/microblaze_0/include/xbasic_types.h:111:2: warning: #warning The xbasics_type.h file is deprecated and users should use xil_types.h and xil_assert. [-Wcpp]
 #warning  The xbasics_type.h file is deprecated and users should use xil_types.h and xil_assert.
  ^~~~~~~
../../lab1B_bsp/microblaze_0/include/xbasic_types.h:112:2: warning: #warning Please refer the Standalone BSP UG647 for further details [-Wcpp]
 #warning  Please refer the Standalone BSP UG647 for further details
  ^~~~~~~
../src/stopwatch.c: In function 'main':
../src/stopwatch.c:128:6: warning: unused variable 'c' [-Wunused-variable]
  int c = a + b;
      ^
../src/stopwatch.c:37:10: warning: unused variable 'data' [-Wunused-variable]
  Xuint32 data;
          ^~~~
../src/stopwatch.c:29:15: warning: unused variable 'axi_gpio_btn_Gpio' [-Wunused-variable]
  static XGpio axi_gpio_btn_Gpio;
               ^~~~~~~~~~~~~~~~~
../src/stopwatch.c:28:17: warning: unused variable 'axi_timer_1_Timer' [-Wunused-variable]
  static XTmrCtr axi_timer_1_Timer;
                 ^~~~~~~~~~~~~~~~~
../src/stopwatch.c:27:17: warning: unused variable 'axi_timer_0_Timer' [-Wunused-variable]
  static XTmrCtr axi_timer_0_Timer;
                 ^~~~~~~~~~~~~~~~~
At top level:
../src/stopwatch.c:27:17: warning: 'axi_timer_0_Timer' defined but not used [-Wunused-variable]
../src/stopwatch.c:28:17: warning: 'axi_timer_1_Timer' defined but not used [-Wunused-variable]
  static XTmrCtr axi_timer_1_Timer;
                 ^~~~~~~~~~~~~~~~~
../src/stopwatch.c:29:15: warning: 'axi_gpio_btn_Gpio' defined but not used [-Wunused-variable]
  static XGpio axi_gpio_btn_Gpio;
               ^~~~~~~~~~~~~~~~~
Finished building: ../src/stopwatch.c
 
Building target: lab1B.elf
Invoking: MicroBlaze gcc linker
mb-gcc -Wl,-T -Wl,../src/lscript.ld -L../../lab1B_bsp/microblaze_0/lib -mlittle-endian -mxl-barrel-shift -mxl-pattern-compare -mcpu=v11.0 -mno-xl-soft-mul -Wl,--no-relax -Wl,--gc-sections -o "lab1B.elf"  ./src/sevenSeg_new.o ./src/stopwatch.o   -Wl,--start-group,-lxil,-lgcc,-lc,--end-group
Finished building target: lab1B.elf
 
Invoking: MicroBlaze Print Size
mb-size lab1B.elf  |tee "lab1B.elf.size"
   text	   data	    bss	    dec	    hex	filename
  67412	   1604	   3312	  72328	  11a88	lab1B.elf
Finished building: lab1B.elf.size
 
18:40:58 **** Incremental Build of configuration Debug for project lab1B ****
make all 
make: Nothing to be done for 'all'.
18:42:01 **** Auto Build of configuration Debug for project lab1B ****
make all 
Building file: ../src/stopwatch.c
Invoking: MicroBlaze gcc compiler
mb-gcc -Wall -O0 -g3 -c -fmessage-length=0 -MT"src/stopwatch.o" -I../../lab1B_bsp/microblaze_0/include -mlittle-endian -mxl-barrel-shift -mxl-pattern-compare -mcpu=v11.0 -mno-xl-soft-mul -Wl,--no-relax -ffunction-sections -fdata-sections -MMD -MP -MF"src/stopwatch.d" -MT"src/stopwatch.o" -o "src/stopwatch.o" "../src/stopwatch.c"
In file included from ../src/stopwatch.c:16:0:
../../lab1B_bsp/microblaze_0/include/xbasic_types.h:111:2: warning: #warning The xbasics_type.h file is deprecated and users should use xil_types.h and xil_assert. [-Wcpp]
 #warning  The xbasics_type.h file is deprecated and users should use xil_types.h and xil_assert.
  ^~~~~~~
../../lab1B_bsp/microblaze_0/include/xbasic_types.h:112:2: warning: #warning Please refer the Standalone BSP UG647 for further details [-Wcpp]
 #warning  Please refer the Standalone BSP UG647 for further details
  ^~~~~~~
../src/stopwatch.c: In function 'main':
../src/stopwatch.c:127:6: warning: unused variable 'c' [-Wunused-variable]
  int c = a + b;
      ^
../src/stopwatch.c:37:10: warning: unused variable 'data' [-Wunused-variable]
  Xuint32 data;
          ^~~~
../src/stopwatch.c:29:15: warning: unused variable 'axi_gpio_btn_Gpio' [-Wunused-variable]
  static XGpio axi_gpio_btn_Gpio;
               ^~~~~~~~~~~~~~~~~
../src/stopwatch.c:28:17: warning: unused variable 'axi_timer_1_Timer' [-Wunused-variable]
  static XTmrCtr axi_timer_1_Timer;
                 ^~~~~~~~~~~~~~~~~
../src/stopwatch.c:27:17: warning: unused variable 'axi_timer_0_Timer' [-Wunused-variable]
  static XTmrCtr axi_timer_0_Timer;
                 ^~~~~~~~~~~~~~~~~
At top level:
../src/stopwatch.c:27:17: warning: 'axi_timer_0_Timer' defined but not used [-Wunused-variable]
../src/stopwatch.c:28:17: warning: 'axi_timer_1_Timer' defined but not used [-Wunused-variable]
  static XTmrCtr axi_timer_1_Timer;
                 ^~~~~~~~~~~~~~~~~
../src/stopwatch.c:29:15: warning: 'axi_gpio_btn_Gpio' defined but not used [-Wunused-variable]
  static XGpio axi_gpio_btn_Gpio;
               ^~~~~~~~~~~~~~~~~
Finished building: ../src/stopwatch.c
 
Building target: lab1B.elf
Invoking: MicroBlaze gcc linker
mb-gcc -Wl,-T -Wl,../src/lscript.ld -L../../lab1B_bsp/microblaze_0/lib -mlittle-endian -mxl-barrel-shift -mxl-pattern-compare -mcpu=v11.0 -mno-xl-soft-mul -Wl,--no-relax -Wl,--gc-sections -o "lab1B.elf"  ./src/sevenSeg_new.o ./src/stopwatch.o   -Wl,--start-group,-lxil,-lgcc,-lc,--end-group
Finished building target: lab1B.elf
 
Invoking: MicroBlaze Print Size
mb-size lab1B.elf  |tee "lab1B.elf.size"
   text	   data	    bss	    dec	    hex	filename
  67412	   1604	   3312	  72328	  11a88	lab1B.elf
Finished building: lab1B.elf.size
 
18:42:04 **** Incremental Build of configuration Debug for project lab1B ****
make all 
make: Nothing to be done for 'all'.
18:43:02 **** Auto Build of configuration Debug for project lab1B ****
make all 
Building file: ../src/stopwatch.c
Invoking: MicroBlaze gcc compiler
mb-gcc -Wall -O0 -g3 -c -fmessage-length=0 -MT"src/stopwatch.o" -I../../lab1B_bsp/microblaze_0/include -mlittle-endian -mxl-barrel-shift -mxl-pattern-compare -mcpu=v11.0 -mno-xl-soft-mul -Wl,--no-relax -ffunction-sections -fdata-sections -MMD -MP -MF"src/stopwatch.d" -MT"src/stopwatch.o" -o "src/stopwatch.o" "../src/stopwatch.c"
In file included from ../src/stopwatch.c:16:0:
../../lab1B_bsp/microblaze_0/include/xbasic_types.h:111:2: warning: #warning The xbasics_type.h file is deprecated and users should use xil_types.h and xil_assert. [-Wcpp]
 #warning  The xbasics_type.h file is deprecated and users should use xil_types.h and xil_assert.
  ^~~~~~~
../../lab1B_bsp/microblaze_0/include/xbasic_types.h:112:2: warning: #warning Please refer the Standalone BSP UG647 for further details [-Wcpp]
 #warning  Please refer the Standalone BSP UG647 for further details
  ^~~~~~~
../src/stopwatch.c: In function 'main':
../src/stopwatch.c:37:10: warning: unused variable 'data' [-Wunused-variable]
  Xuint32 data;
          ^~~~
../src/stopwatch.c:29:15: warning: unused variable 'axi_gpio_btn_Gpio' [-Wunused-variable]
  static XGpio axi_gpio_btn_Gpio;
               ^~~~~~~~~~~~~~~~~
../src/stopwatch.c:28:17: warning: unused variable 'axi_timer_1_Timer' [-Wunused-variable]
  static XTmrCtr axi_timer_1_Timer;
                 ^~~~~~~~~~~~~~~~~
../src/stopwatch.c:27:17: warning: unused variable 'axi_timer_0_Timer' [-Wunused-variable]
  static XTmrCtr axi_timer_0_Timer;
                 ^~~~~~~~~~~~~~~~~
At top level:
../src/stopwatch.c:27:17: warning: 'axi_timer_0_Timer' defined but not used [-Wunused-variable]
../src/stopwatch.c:28:17: warning: 'axi_timer_1_Timer' defined but not used [-Wunused-variable]
  static XTmrCtr axi_timer_1_Timer;
                 ^~~~~~~~~~~~~~~~~
../src/stopwatch.c:29:15: warning: 'axi_gpio_btn_Gpio' defined but not used [-Wunused-variable]
  static XGpio axi_gpio_btn_Gpio;
               ^~~~~~~~~~~~~~~~~
Finished building: ../src/stopwatch.c
 
Building target: lab1B.elf
Invoking: MicroBlaze gcc linker
mb-gcc -Wl,-T -Wl,../src/lscript.ld -L../../lab1B_bsp/microblaze_0/lib -mlittle-endian -mxl-barrel-shift -mxl-pattern-compare -mcpu=v11.0 -mno-xl-soft-mul -Wl,--no-relax -Wl,--gc-sections -o "lab1B.elf"  ./src/sevenSeg_new.o ./src/stopwatch.o   -Wl,--start-group,-lxil,-lgcc,-lc,--end-group
Finished building target: lab1B.elf
 
Invoking: MicroBlaze Print Size
mb-size lab1B.elf  |tee "lab1B.elf.size"
   text	   data	    bss	    dec	    hex	filename
   9932	    436	   3248	  13616	   3530	lab1B.elf
Finished building: lab1B.elf.size
 
18:43:04 **** Incremental Build of configuration Debug for project lab1B ****
make all 
make: Nothing to be done for 'all'.
18:44:02 **** Incremental Build of configuration Debug for project lab1B ****
make all 
Building file: ../src/stopwatch.c
Invoking: MicroBlaze gcc compiler
mb-gcc -Wall -O0 -g3 -c -fmessage-length=0 -MT"src/stopwatch.o" -I../../lab1B_bsp/microblaze_0/include -mlittle-endian -mxl-barrel-shift -mxl-pattern-compare -mcpu=v11.0 -mno-xl-soft-mul -Wl,--no-relax -ffunction-sections -fdata-sections -MMD -MP -MF"src/stopwatch.d" -MT"src/stopwatch.o" -o "src/stopwatch.o" "../src/stopwatch.c"
In file included from ../src/stopwatch.c:16:0:
../../lab1B_bsp/microblaze_0/include/xbasic_types.h:111:2: warning: #warning The xbasics_type.h file is deprecated and users should use xil_types.h and xil_assert. [-Wcpp]
 #warning  The xbasics_type.h file is deprecated and users should use xil_types.h and xil_assert.
  ^~~~~~~
../../lab1B_bsp/microblaze_0/include/xbasic_types.h:112:2: warning: #warning Please refer the Standalone BSP UG647 for further details [-Wcpp]
 #warning  Please refer the Standalone BSP UG647 for further details
  ^~~~~~~
../src/stopwatch.c: In function 'main':
../src/stopwatch.c:37:10: warning: unused variable 'data' [-Wunused-variable]
  Xuint32 data;
          ^~~~
../src/stopwatch.c:29:15: warning: unused variable 'axi_gpio_btn_Gpio' [-Wunused-variable]
  static XGpio axi_gpio_btn_Gpio;
               ^~~~~~~~~~~~~~~~~
../src/stopwatch.c:28:17: warning: unused variable 'axi_timer_1_Timer' [-Wunused-variable]
  static XTmrCtr axi_timer_1_Timer;
                 ^~~~~~~~~~~~~~~~~
../src/stopwatch.c:27:17: warning: unused variable 'axi_timer_0_Timer' [-Wunused-variable]
  static XTmrCtr axi_timer_0_Timer;
                 ^~~~~~~~~~~~~~~~~
At top level:
../src/stopwatch.c:27:17: warning: 'axi_timer_0_Timer' defined but not used [-Wunused-variable]
../src/stopwatch.c:28:17: warning: 'axi_timer_1_Timer' defined but not used [-Wunused-variable]
  static XTmrCtr axi_timer_1_Timer;
                 ^~~~~~~~~~~~~~~~~
../src/stopwatch.c:29:15: warning: 'axi_gpio_btn_Gpio' defined but not used [-Wunused-variable]
  static XGpio axi_gpio_btn_Gpio;
               ^~~~~~~~~~~~~~~~~
Finished building: ../src/stopwatch.c
 
Building target: lab1B.elf
Invoking: MicroBlaze gcc linker
mb-gcc -Wl,-T -Wl,../src/lscript.ld -L../../lab1B_bsp/microblaze_0/lib -mlittle-endian -mxl-barrel-shift -mxl-pattern-compare -mcpu=v11.0 -mno-xl-soft-mul -Wl,--no-relax -Wl,--gc-sections -o "lab1B.elf"  ./src/sevenSeg_new.o ./src/stopwatch.o   -Wl,--start-group,-lxil,-lgcc,-lc,--end-group
Finished building target: lab1B.elf
 
Invoking: MicroBlaze Print Size
mb-size lab1B.elf  |tee "lab1B.elf.size"
   text	   data	    bss	    dec	    hex	filename
  67420	   1604	   3312	  72336	  11a90	lab1B.elf
Finished building: lab1B.elf.size
 
18:44:13 **** Auto Build of configuration Debug for project lab1B ****
make all 
Building file: ../src/stopwatch.c
Invoking: MicroBlaze gcc compiler
mb-gcc -Wall -O0 -g3 -c -fmessage-length=0 -MT"src/stopwatch.o" -I../../lab1B_bsp/microblaze_0/include -mlittle-endian -mxl-barrel-shift -mxl-pattern-compare -mcpu=v11.0 -mno-xl-soft-mul -Wl,--no-relax -ffunction-sections -fdata-sections -MMD -MP -MF"src/stopwatch.d" -MT"src/stopwatch.o" -o "src/stopwatch.o" "../src/stopwatch.c"
In file included from ../src/stopwatch.c:16:0:
../../lab1B_bsp/microblaze_0/include/xbasic_types.h:111:2: warning: #warning The xbasics_type.h file is deprecated and users should use xil_types.h and xil_assert. [-Wcpp]
 #warning  The xbasics_type.h file is deprecated and users should use xil_types.h and xil_assert.
  ^~~~~~~
../../lab1B_bsp/microblaze_0/include/xbasic_types.h:112:2: warning: #warning Please refer the Standalone BSP UG647 for further details [-Wcpp]
 #warning  Please refer the Standalone BSP UG647 for further details
  ^~~~~~~
../src/stopwatch.c: In function 'main':
../src/stopwatch.c:37:10: warning: unused variable 'data' [-Wunused-variable]
  Xuint32 data;
          ^~~~
../src/stopwatch.c:29:15: warning: unused variable 'axi_gpio_btn_Gpio' [-Wunused-variable]
  static XGpio axi_gpio_btn_Gpio;
               ^~~~~~~~~~~~~~~~~
../src/stopwatch.c:28:17: warning: unused variable 'axi_timer_1_Timer' [-Wunused-variable]
  static XTmrCtr axi_timer_1_Timer;
                 ^~~~~~~~~~~~~~~~~
../src/stopwatch.c:27:17: warning: unused variable 'axi_timer_0_Timer' [-Wunused-variable]
  static XTmrCtr axi_timer_0_Timer;
                 ^~~~~~~~~~~~~~~~~
At top level:
../src/stopwatch.c:27:17: warning: 'axi_timer_0_Timer' defined but not used [-Wunused-variable]
../src/stopwatch.c:28:17: warning: 'axi_timer_1_Timer' defined but not used [-Wunused-variable]
  static XTmrCtr axi_timer_1_Timer;
                 ^~~~~~~~~~~~~~~~~
../src/stopwatch.c:29:15: warning: 'axi_gpio_btn_Gpio' defined but not used [-Wunused-variable]
  static XGpio axi_gpio_btn_Gpio;
               ^~~~~~~~~~~~~~~~~
Finished building: ../src/stopwatch.c
 
Building target: lab1B.elf
Invoking: MicroBlaze gcc linker
mb-gcc -Wl,-T -Wl,../src/lscript.ld -L../../lab1B_bsp/microblaze_0/lib -mlittle-endian -mxl-barrel-shift -mxl-pattern-compare -mcpu=v11.0 -mno-xl-soft-mul -Wl,--no-relax -Wl,--gc-sections -o "lab1B.elf"  ./src/sevenSeg_new.o ./src/stopwatch.o   -Wl,--start-group,-lxil,-lgcc,-lc,--end-group
Finished building target: lab1B.elf
 
Invoking: MicroBlaze Print Size
mb-size lab1B.elf  |tee "lab1B.elf.size"
   text	   data	    bss	    dec	    hex	filename
  67420	   1604	   3312	  72336	  11a90	lab1B.elf
Finished building: lab1B.elf.size
 
18:44:14 **** Incremental Build of configuration Debug for project lab1B ****
make all 
make: Nothing to be done for 'all'.
18:44:49 **** Auto Build of configuration Debug for project lab1B ****
make all 
Building file: ../src/stopwatch.c
Invoking: MicroBlaze gcc compiler
mb-gcc -Wall -O0 -g3 -c -fmessage-length=0 -MT"src/stopwatch.o" -I../../lab1B_bsp/microblaze_0/include -mlittle-endian -mxl-barrel-shift -mxl-pattern-compare -mcpu=v11.0 -mno-xl-soft-mul -Wl,--no-relax -ffunction-sections -fdata-sections -MMD -MP -MF"src/stopwatch.d" -MT"src/stopwatch.o" -o "src/stopwatch.o" "../src/stopwatch.c"
In file included from ../src/stopwatch.c:16:0:
../../lab1B_bsp/microblaze_0/include/xbasic_types.h:111:2: warning: #warning The xbasics_type.h file is deprecated and users should use xil_types.h and xil_assert. [-Wcpp]
 #warning  The xbasics_type.h file is deprecated and users should use xil_types.h and xil_assert.
  ^~~~~~~
../../lab1B_bsp/microblaze_0/include/xbasic_types.h:112:2: warning: #warning Please refer the Standalone BSP UG647 for further details [-Wcpp]
 #warning  Please refer the Standalone BSP UG647 for further details
  ^~~~~~~
../src/stopwatch.c: In function 'main':
../src/stopwatch.c:37:10: warning: unused variable 'data' [-Wunused-variable]
  Xuint32 data;
          ^~~~
../src/stopwatch.c:29:15: warning: unused variable 'axi_gpio_btn_Gpio' [-Wunused-variable]
  static XGpio axi_gpio_btn_Gpio;
               ^~~~~~~~~~~~~~~~~
../src/stopwatch.c:28:17: warning: unused variable 'axi_timer_1_Timer' [-Wunused-variable]
  static XTmrCtr axi_timer_1_Timer;
                 ^~~~~~~~~~~~~~~~~
../src/stopwatch.c:27:17: warning: unused variable 'axi_timer_0_Timer' [-Wunused-variable]
  static XTmrCtr axi_timer_0_Timer;
                 ^~~~~~~~~~~~~~~~~
At top level:
../src/stopwatch.c:27:17: warning: 'axi_timer_0_Timer' defined but not used [-Wunused-variable]
../src/stopwatch.c:28:17: warning: 'axi_timer_1_Timer' defined but not used [-Wunused-variable]
  static XTmrCtr axi_timer_1_Timer;
                 ^~~~~~~~~~~~~~~~~
../src/stopwatch.c:29:15: warning: 'axi_gpio_btn_Gpio' defined but not used [-Wunused-variable]
  static XGpio axi_gpio_btn_Gpio;
               ^~~~~~~~~~~~~~~~~
Finished building: ../src/stopwatch.c
 
Building target: lab1B.elf
Invoking: MicroBlaze gcc linker
mb-gcc -Wl,-T -Wl,../src/lscript.ld -L../../lab1B_bsp/microblaze_0/lib -mlittle-endian -mxl-barrel-shift -mxl-pattern-compare -mcpu=v11.0 -mno-xl-soft-mul -Wl,--no-relax -Wl,--gc-sections -o "lab1B.elf"  ./src/sevenSeg_new.o ./src/stopwatch.o   -Wl,--start-group,-lxil,-lgcc,-lc,--end-group
Finished building target: lab1B.elf
 
Invoking: MicroBlaze Print Size
mb-size lab1B.elf  |tee "lab1B.elf.size"
   text	   data	    bss	    dec	    hex	filename
  67520	   1604	   3308	  72432	  11af0	lab1B.elf
Finished building: lab1B.elf.size
 
18:44:51 **** Incremental Build of configuration Debug for project lab1B ****
make all 
make: Nothing to be done for 'all'.
18:45:04 **** Auto Build of configuration Debug for project lab1B ****
make all 
Building file: ../src/stopwatch.c
Invoking: MicroBlaze gcc compiler
mb-gcc -Wall -O0 -g3 -c -fmessage-length=0 -MT"src/stopwatch.o" -I../../lab1B_bsp/microblaze_0/include -mlittle-endian -mxl-barrel-shift -mxl-pattern-compare -mcpu=v11.0 -mno-xl-soft-mul -Wl,--no-relax -ffunction-sections -fdata-sections -MMD -MP -MF"src/stopwatch.d" -MT"src/stopwatch.o" -o "src/stopwatch.o" "../src/stopwatch.c"
In file included from ../src/stopwatch.c:16:0:
../../lab1B_bsp/microblaze_0/include/xbasic_types.h:111:2: warning: #warning The xbasics_type.h file is deprecated and users should use xil_types.h and xil_assert. [-Wcpp]
 #warning  The xbasics_type.h file is deprecated and users should use xil_types.h and xil_assert.
  ^~~~~~~
../../lab1B_bsp/microblaze_0/include/xbasic_types.h:112:2: warning: #warning Please refer the Standalone BSP UG647 for further details [-Wcpp]
 #warning  Please refer the Standalone BSP UG647 for further details
  ^~~~~~~
../src/stopwatch.c: In function 'main':
../src/stopwatch.c:37:10: warning: unused variable 'data' [-Wunused-variable]
  Xuint32 data;
          ^~~~
../src/stopwatch.c:29:15: warning: unused variable 'axi_gpio_btn_Gpio' [-Wunused-variable]
  static XGpio axi_gpio_btn_Gpio;
               ^~~~~~~~~~~~~~~~~
../src/stopwatch.c:28:17: warning: unused variable 'axi_timer_1_Timer' [-Wunused-variable]
  static XTmrCtr axi_timer_1_Timer;
                 ^~~~~~~~~~~~~~~~~
../src/stopwatch.c:27:17: warning: unused variable 'axi_timer_0_Timer' [-Wunused-variable]
  static XTmrCtr axi_timer_0_Timer;
                 ^~~~~~~~~~~~~~~~~
At top level:
../src/stopwatch.c:27:17: warning: 'axi_timer_0_Timer' defined but not used [-Wunused-variable]
../src/stopwatch.c:28:17: warning: 'axi_timer_1_Timer' defined but not used [-Wunused-variable]
  static XTmrCtr axi_timer_1_Timer;
                 ^~~~~~~~~~~~~~~~~
../src/stopwatch.c:29:15: warning: 'axi_gpio_btn_Gpio' defined but not used [-Wunused-variable]
  static XGpio axi_gpio_btn_Gpio;
               ^~~~~~~~~~~~~~~~~
Finished building: ../src/stopwatch.c
 
Building target: lab1B.elf
Invoking: MicroBlaze gcc linker
mb-gcc -Wl,-T -Wl,../src/lscript.ld -L../../lab1B_bsp/microblaze_0/lib -mlittle-endian -mxl-barrel-shift -mxl-pattern-compare -mcpu=v11.0 -mno-xl-soft-mul -Wl,--no-relax -Wl,--gc-sections -o "lab1B.elf"  ./src/sevenSeg_new.o ./src/stopwatch.o   -Wl,--start-group,-lxil,-lgcc,-lc,--end-group
Finished building target: lab1B.elf
 
Invoking: MicroBlaze Print Size
mb-size lab1B.elf  |tee "lab1B.elf.size"
   text	   data	    bss	    dec	    hex	filename
  67520	   1604	   3308	  72432	  11af0	lab1B.elf
Finished building: lab1B.elf.size
 
18:45:05 **** Incremental Build of configuration Debug for project lab1B ****
make all 
make: Nothing to be done for 'all'.
18:47:22 **** Auto Build of configuration Debug for project lab1B ****
make all 
Building file: ../src/stopwatch.c
Invoking: MicroBlaze gcc compiler
mb-gcc -Wall -O0 -g3 -c -fmessage-length=0 -MT"src/stopwatch.o" -I../../lab1B_bsp/microblaze_0/include -mlittle-endian -mxl-barrel-shift -mxl-pattern-compare -mcpu=v11.0 -mno-xl-soft-mul -Wl,--no-relax -ffunction-sections -fdata-sections -MMD -MP -MF"src/stopwatch.d" -MT"src/stopwatch.o" -o "src/stopwatch.o" "../src/stopwatch.c"
In file included from ../src/stopwatch.c:16:0:
../../lab1B_bsp/microblaze_0/include/xbasic_types.h:111:2: warning: #warning The xbasics_type.h file is deprecated and users should use xil_types.h and xil_assert. [-Wcpp]
 #warning  The xbasics_type.h file is deprecated and users should use xil_types.h and xil_assert.
  ^~~~~~~
../../lab1B_bsp/microblaze_0/include/xbasic_types.h:112:2: warning: #warning Please refer the Standalone BSP UG647 for further details [-Wcpp]
 #warning  Please refer the Standalone BSP UG647 for further details
  ^~~~~~~
../src/stopwatch.c: In function 'main':
../src/stopwatch.c:37:10: warning: unused variable 'data' [-Wunused-variable]
  Xuint32 data;
          ^~~~
../src/stopwatch.c:29:15: warning: unused variable 'axi_gpio_btn_Gpio' [-Wunused-variable]
  static XGpio axi_gpio_btn_Gpio;
               ^~~~~~~~~~~~~~~~~
../src/stopwatch.c:28:17: warning: unused variable 'axi_timer_1_Timer' [-Wunused-variable]
  static XTmrCtr axi_timer_1_Timer;
                 ^~~~~~~~~~~~~~~~~
../src/stopwatch.c:27:17: warning: unused variable 'axi_timer_0_Timer' [-Wunused-variable]
  static XTmrCtr axi_timer_0_Timer;
                 ^~~~~~~~~~~~~~~~~
At top level:
../src/stopwatch.c:27:17: warning: 'axi_timer_0_Timer' defined but not used [-Wunused-variable]
../src/stopwatch.c:28:17: warning: 'axi_timer_1_Timer' defined but not used [-Wunused-variable]
  static XTmrCtr axi_timer_1_Timer;
                 ^~~~~~~~~~~~~~~~~
../src/stopwatch.c:29:15: warning: 'axi_gpio_btn_Gpio' defined but not used [-Wunused-variable]
  static XGpio axi_gpio_btn_Gpio;
               ^~~~~~~~~~~~~~~~~
Finished building: ../src/stopwatch.c
 
Building target: lab1B.elf
Invoking: MicroBlaze gcc linker
mb-gcc -Wl,-T -Wl,../src/lscript.ld -L../../lab1B_bsp/microblaze_0/lib -mlittle-endian -mxl-barrel-shift -mxl-pattern-compare -mcpu=v11.0 -mno-xl-soft-mul -Wl,--no-relax -Wl,--gc-sections -o "lab1B.elf"  ./src/sevenSeg_new.o ./src/stopwatch.o   -Wl,--start-group,-lxil,-lgcc,-lc,--end-group
Finished building target: lab1B.elf
 
Invoking: MicroBlaze Print Size
mb-size lab1B.elf  |tee "lab1B.elf.size"
   text	   data	    bss	    dec	    hex	filename
  67328	   1604	   3308	  72240	  11a30	lab1B.elf
Finished building: lab1B.elf.size
 
18:47:26 **** Incremental Build of configuration Debug for project lab1B ****
make all 
make: Nothing to be done for 'all'.
20:09:42 **** Auto Build of configuration Debug for project lab1B ****
make all 
Building file: ../src/stopwatch.c
Invoking: MicroBlaze gcc compiler
mb-gcc -Wall -O0 -g3 -c -fmessage-length=0 -MT"src/stopwatch.o" -I../../lab1B_bsp/microblaze_0/include -mlittle-endian -mxl-barrel-shift -mxl-pattern-compare -mcpu=v11.0 -mno-xl-soft-mul -Wl,--no-relax -ffunction-sections -fdata-sections -MMD -MP -MF"src/stopwatch.d" -MT"src/stopwatch.o" -o "src/stopwatch.o" "../src/stopwatch.c"
In file included from ../src/stopwatch.c:16:0:
../../lab1B_bsp/microblaze_0/include/xbasic_types.h:111:2: warning: #warning The xbasics_type.h file is deprecated and users should use xil_types.h and xil_assert. [-Wcpp]
 #warning  The xbasics_type.h file is deprecated and users should use xil_types.h and xil_assert.
  ^~~~~~~
../../lab1B_bsp/microblaze_0/include/xbasic_types.h:112:2: warning: #warning Please refer the Standalone BSP UG647 for further details [-Wcpp]
 #warning  Please refer the Standalone BSP UG647 for further details
  ^~~~~~~
../src/stopwatch.c: In function 'main':
../src/stopwatch.c:134:22: warning: passing argument 1 of 'XTmrCtr_GetValue' from incompatible pointer type [-Wincompatible-pointer-types]
     XTmrCtr_GetValue(&intc, 0);
                      ^
In file included from ../src/stopwatch.c:9:0:
../../lab1B_bsp/microblaze_0/include/xtmrctr.h:289:5: note: expected 'XTmrCtr * {aka struct <anonymous> *}' but argument is of type 'XIntc * {aka struct <anonymous> *}'
 u32 XTmrCtr_GetValue(XTmrCtr * InstancePtr, u8 TmrCtrNumber);
     ^~~~~~~~~~~~~~~~
../src/stopwatch.c:37:10: warning: unused variable 'data' [-Wunused-variable]
  Xuint32 data;
          ^~~~
../src/stopwatch.c:29:15: warning: unused variable 'axi_gpio_btn_Gpio' [-Wunused-variable]
  static XGpio axi_gpio_btn_Gpio;
               ^~~~~~~~~~~~~~~~~
../src/stopwatch.c:28:17: warning: unused variable 'axi_timer_1_Timer' [-Wunused-variable]
  static XTmrCtr axi_timer_1_Timer;
                 ^~~~~~~~~~~~~~~~~
../src/stopwatch.c:27:17: warning: unused variable 'axi_timer_0_Timer' [-Wunused-variable]
  static XTmrCtr axi_timer_0_Timer;
                 ^~~~~~~~~~~~~~~~~
At top level:
../src/stopwatch.c:27:17: warning: 'axi_timer_0_Timer' defined but not used [-Wunused-variable]
../src/stopwatch.c:28:17: warning: 'axi_timer_1_Timer' defined but not used [-Wunused-variable]
  static XTmrCtr axi_timer_1_Timer;
                 ^~~~~~~~~~~~~~~~~
../src/stopwatch.c:29:15: warning: 'axi_gpio_btn_Gpio' defined but not used [-Wunused-variable]
  static XGpio axi_gpio_btn_Gpio;
               ^~~~~~~~~~~~~~~~~
Finished building: ../src/stopwatch.c
 
Building target: lab1B.elf
Invoking: MicroBlaze gcc linker
mb-gcc -Wl,-T -Wl,../src/lscript.ld -L../../lab1B_bsp/microblaze_0/lib -mlittle-endian -mxl-barrel-shift -mxl-pattern-compare -mcpu=v11.0 -mno-xl-soft-mul -Wl,--no-relax -Wl,--gc-sections -o "lab1B.elf"  ./src/sevenSeg_new.o ./src/stopwatch.o   -Wl,--start-group,-lxil,-lgcc,-lc,--end-group
Finished building target: lab1B.elf
 
Invoking: MicroBlaze Print Size
mb-size lab1B.elf  |tee "lab1B.elf.size"
   text	   data	    bss	    dec	    hex	filename
  10508	    436	   3248	  14192	   3770	lab1B.elf
Finished building: lab1B.elf.size
 
20:09:56 **** Auto Build of configuration Debug for project lab1B ****
make all 
Building file: ../src/stopwatch.c
Invoking: MicroBlaze gcc compiler
mb-gcc -Wall -O0 -g3 -c -fmessage-length=0 -MT"src/stopwatch.o" -I../../lab1B_bsp/microblaze_0/include -mlittle-endian -mxl-barrel-shift -mxl-pattern-compare -mcpu=v11.0 -mno-xl-soft-mul -Wl,--no-relax -ffunction-sections -fdata-sections -MMD -MP -MF"src/stopwatch.d" -MT"src/stopwatch.o" -o "src/stopwatch.o" "../src/stopwatch.c"
In file included from ../src/stopwatch.c:16:0:
../../lab1B_bsp/microblaze_0/include/xbasic_types.h:111:2: warning: #warning The xbasics_type.h file is deprecated and users should use xil_types.h and xil_assert. [-Wcpp]
 #warning  The xbasics_type.h file is deprecated and users should use xil_types.h and xil_assert.
  ^~~~~~~
../../lab1B_bsp/microblaze_0/include/xbasic_types.h:112:2: warning: #warning Please refer the Standalone BSP UG647 for further details [-Wcpp]
 #warning  Please refer the Standalone BSP UG647 for further details
  ^~~~~~~
../src/stopwatch.c: In function 'main':
../src/stopwatch.c:134:22: warning: passing argument 1 of 'XTmrCtr_GetValue' from incompatible pointer type [-Wincompatible-pointer-types]
     XTmrCtr_GetValue(&intc, 0);
                      ^
In file included from ../src/stopwatch.c:9:0:
../../lab1B_bsp/microblaze_0/include/xtmrctr.h:289:5: note: expected 'XTmrCtr * {aka struct <anonymous> *}' but argument is of type 'XIntc * {aka struct <anonymous> *}'
 u32 XTmrCtr_GetValue(XTmrCtr * InstancePtr, u8 TmrCtrNumber);
     ^~~~~~~~~~~~~~~~
../src/stopwatch.c:37:10: warning: unused variable 'data' [-Wunused-variable]
  Xuint32 data;
          ^~~~
../src/stopwatch.c:29:15: warning: unused variable 'axi_gpio_btn_Gpio' [-Wunused-variable]
  static XGpio axi_gpio_btn_Gpio;
               ^~~~~~~~~~~~~~~~~
../src/stopwatch.c:28:17: warning: unused variable 'axi_timer_1_Timer' [-Wunused-variable]
  static XTmrCtr axi_timer_1_Timer;
                 ^~~~~~~~~~~~~~~~~
../src/stopwatch.c:27:17: warning: unused variable 'axi_timer_0_Timer' [-Wunused-variable]
  static XTmrCtr axi_timer_0_Timer;
                 ^~~~~~~~~~~~~~~~~
At top level:
../src/stopwatch.c:27:17: warning: 'axi_timer_0_Timer' defined but not used [-Wunused-variable]
../src/stopwatch.c:28:17: warning: 'axi_timer_1_Timer' defined but not used [-Wunused-variable]
  static XTmrCtr axi_timer_1_Timer;
                 ^~~~~~~~~~~~~~~~~
../src/stopwatch.c:29:15: warning: 'axi_gpio_btn_Gpio' defined but not used [-Wunused-variable]
  static XGpio axi_gpio_btn_Gpio;
               ^~~~~~~~~~~~~~~~~
Finished building: ../src/stopwatch.c
 
Building target: lab1B.elf
Invoking: MicroBlaze gcc linker
mb-gcc -Wl,-T -Wl,../src/lscript.ld -L../../lab1B_bsp/microblaze_0/lib -mlittle-endian -mxl-barrel-shift -mxl-pattern-compare -mcpu=v11.0 -mno-xl-soft-mul -Wl,--no-relax -Wl,--gc-sections -o "lab1B.elf"  ./src/sevenSeg_new.o ./src/stopwatch.o   -Wl,--start-group,-lxil,-lgcc,-lc,--end-group
Finished building target: lab1B.elf
 
Invoking: MicroBlaze Print Size
mb-size lab1B.elf  |tee "lab1B.elf.size"
   text	   data	    bss	    dec	    hex	filename
  10600	    436	   3244	  14280	   37c8	lab1B.elf
Finished building: lab1B.elf.size
 
20:09:58 **** Incremental Build of configuration Debug for project lab1B ****
make all 
make: Nothing to be done for 'all'.
20:10:28 **** Incremental Build of configuration Debug for project lab1B ****
make all 
make: Nothing to be done for 'all'.
20:11:08 **** Auto Build of configuration Debug for project lab1B ****
make all 
Building file: ../src/stopwatch.c
Invoking: MicroBlaze gcc compiler
mb-gcc -Wall -O0 -g3 -c -fmessage-length=0 -MT"src/stopwatch.o" -I../../lab1B_bsp/microblaze_0/include -mlittle-endian -mxl-barrel-shift -mxl-pattern-compare -mcpu=v11.0 -mno-xl-soft-mul -Wl,--no-relax -ffunction-sections -fdata-sections -MMD -MP -MF"src/stopwatch.d" -MT"src/stopwatch.o" -o "src/stopwatch.o" "../src/stopwatch.c"
In file included from ../src/stopwatch.c:16:0:
../../lab1B_bsp/microblaze_0/include/xbasic_types.h:111:2: warning: #warning The xbasics_type.h file is deprecated and users should use xil_types.h and xil_assert. [-Wcpp]
 #warning  The xbasics_type.h file is deprecated and users should use xil_types.h and xil_assert.
  ^~~~~~~
../../lab1B_bsp/microblaze_0/include/xbasic_types.h:112:2: warning: #warning Please refer the Standalone BSP UG647 for further details [-Wcpp]
 #warning  Please refer the Standalone BSP UG647 for further details
  ^~~~~~~
../src/stopwatch.c: In function 'main':
../src/stopwatch.c:134:30: warning: passing argument 1 of 'XTmrCtr_GetValue' from incompatible pointer type [-Wincompatible-pointer-types]
     int x = XTmrCtr_GetValue(&intc, 0);
                              ^
In file included from ../src/stopwatch.c:9:0:
../../lab1B_bsp/microblaze_0/include/xtmrctr.h:289:5: note: expected 'XTmrCtr * {aka struct <anonymous> *}' but argument is of type 'XIntc * {aka struct <anonymous> *}'
 u32 XTmrCtr_GetValue(XTmrCtr * InstancePtr, u8 TmrCtrNumber);
     ^~~~~~~~~~~~~~~~
../src/stopwatch.c:37:10: warning: unused variable 'data' [-Wunused-variable]
  Xuint32 data;
          ^~~~
../src/stopwatch.c:29:15: warning: unused variable 'axi_gpio_btn_Gpio' [-Wunused-variable]
  static XGpio axi_gpio_btn_Gpio;
               ^~~~~~~~~~~~~~~~~
../src/stopwatch.c:28:17: warning: unused variable 'axi_timer_1_Timer' [-Wunused-variable]
  static XTmrCtr axi_timer_1_Timer;
                 ^~~~~~~~~~~~~~~~~
../src/stopwatch.c:27:17: warning: unused variable 'axi_timer_0_Timer' [-Wunused-variable]
  static XTmrCtr axi_timer_0_Timer;
                 ^~~~~~~~~~~~~~~~~
At top level:
../src/stopwatch.c:27:17: warning: 'axi_timer_0_Timer' defined but not used [-Wunused-variable]
../src/stopwatch.c:28:17: warning: 'axi_timer_1_Timer' defined but not used [-Wunused-variable]
  static XTmrCtr axi_timer_1_Timer;
                 ^~~~~~~~~~~~~~~~~
../src/stopwatch.c:29:15: warning: 'axi_gpio_btn_Gpio' defined but not used [-Wunused-variable]
  static XGpio axi_gpio_btn_Gpio;
               ^~~~~~~~~~~~~~~~~
Finished building: ../src/stopwatch.c
 
Building target: lab1B.elf
Invoking: MicroBlaze gcc linker
mb-gcc -Wl,-T -Wl,../src/lscript.ld -L../../lab1B_bsp/microblaze_0/lib -mlittle-endian -mxl-barrel-shift -mxl-pattern-compare -mcpu=v11.0 -mno-xl-soft-mul -Wl,--no-relax -Wl,--gc-sections -o "lab1B.elf"  ./src/sevenSeg_new.o ./src/stopwatch.o   -Wl,--start-group,-lxil,-lgcc,-lc,--end-group
Finished building target: lab1B.elf
 
Invoking: MicroBlaze Print Size
mb-size lab1B.elf  |tee "lab1B.elf.size"
   text	   data	    bss	    dec	    hex	filename
  67620	   1604	   3312	  72536	  11b58	lab1B.elf
Finished building: lab1B.elf.size
 
20:11:10 **** Incremental Build of configuration Debug for project lab1B ****
make all 
make: Nothing to be done for 'all'.
20:11:51 **** Auto Build of configuration Debug for project lab1B ****
make all 
Building file: ../src/stopwatch.c
Invoking: MicroBlaze gcc compiler
mb-gcc -Wall -O0 -g3 -c -fmessage-length=0 -MT"src/stopwatch.o" -I../../lab1B_bsp/microblaze_0/include -mlittle-endian -mxl-barrel-shift -mxl-pattern-compare -mcpu=v11.0 -mno-xl-soft-mul -Wl,--no-relax -ffunction-sections -fdata-sections -MMD -MP -MF"src/stopwatch.d" -MT"src/stopwatch.o" -o "src/stopwatch.o" "../src/stopwatch.c"
In file included from ../src/stopwatch.c:16:0:
../../lab1B_bsp/microblaze_0/include/xbasic_types.h:111:2: warning: #warning The xbasics_type.h file is deprecated and users should use xil_types.h and xil_assert. [-Wcpp]
 #warning  The xbasics_type.h file is deprecated and users should use xil_types.h and xil_assert.
  ^~~~~~~
../../lab1B_bsp/microblaze_0/include/xbasic_types.h:112:2: warning: #warning Please refer the Standalone BSP UG647 for further details [-Wcpp]
 #warning  Please refer the Standalone BSP UG647 for further details
  ^~~~~~~
../src/stopwatch.c: In function 'main':
../src/stopwatch.c:134:30: warning: passing argument 1 of 'XTmrCtr_GetValue' from incompatible pointer type [-Wincompatible-pointer-types]
     int x = XTmrCtr_GetValue(&intc, 0);
                              ^
In file included from ../src/stopwatch.c:9:0:
../../lab1B_bsp/microblaze_0/include/xtmrctr.h:289:5: note: expected 'XTmrCtr * {aka struct <anonymous> *}' but argument is of type 'XIntc * {aka struct <anonymous> *}'
 u32 XTmrCtr_GetValue(XTmrCtr * InstancePtr, u8 TmrCtrNumber);
     ^~~~~~~~~~~~~~~~
../src/stopwatch.c:37:10: warning: unused variable 'data' [-Wunused-variable]
  Xuint32 data;
          ^~~~
../src/stopwatch.c:29:15: warning: unused variable 'axi_gpio_btn_Gpio' [-Wunused-variable]
  static XGpio axi_gpio_btn_Gpio;
               ^~~~~~~~~~~~~~~~~
../src/stopwatch.c:28:17: warning: unused variable 'axi_timer_1_Timer' [-Wunused-variable]
  static XTmrCtr axi_timer_1_Timer;
                 ^~~~~~~~~~~~~~~~~
../src/stopwatch.c:27:17: warning: unused variable 'axi_timer_0_Timer' [-Wunused-variable]
  static XTmrCtr axi_timer_0_Timer;
                 ^~~~~~~~~~~~~~~~~
At top level:
../src/stopwatch.c:27:17: warning: 'axi_timer_0_Timer' defined but not used [-Wunused-variable]
../src/stopwatch.c:28:17: warning: 'axi_timer_1_Timer' defined but not used [-Wunused-variable]
  static XTmrCtr axi_timer_1_Timer;
                 ^~~~~~~~~~~~~~~~~
../src/stopwatch.c:29:15: warning: 'axi_gpio_btn_Gpio' defined but not used [-Wunused-variable]
  static XGpio axi_gpio_btn_Gpio;
               ^~~~~~~~~~~~~~~~~
Finished building: ../src/stopwatch.c
 
Building target: lab1B.elf
Invoking: MicroBlaze gcc linker
mb-gcc -Wl,-T -Wl,../src/lscript.ld -L../../lab1B_bsp/microblaze_0/lib -mlittle-endian -mxl-barrel-shift -mxl-pattern-compare -mcpu=v11.0 -mno-xl-soft-mul -Wl,--no-relax -Wl,--gc-sections -o "lab1B.elf"  ./src/sevenSeg_new.o ./src/stopwatch.o   -Wl,--start-group,-lxil,-lgcc,-lc,--end-group
Finished building target: lab1B.elf
 
Invoking: MicroBlaze Print Size
mb-size lab1B.elf  |tee "lab1B.elf.size"
   text	   data	    bss	    dec	    hex	filename
  67616	   1604	   3308	  72528	  11b50	lab1B.elf
Finished building: lab1B.elf.size
 
20:11:53 **** Incremental Build of configuration Debug for project lab1B ****
make all 
make: Nothing to be done for 'all'.
20:12:09 **** Auto Build of configuration Debug for project lab1B ****
make all 
Building file: ../src/stopwatch.c
Invoking: MicroBlaze gcc compiler
mb-gcc -Wall -O0 -g3 -c -fmessage-length=0 -MT"src/stopwatch.o" -I../../lab1B_bsp/microblaze_0/include -mlittle-endian -mxl-barrel-shift -mxl-pattern-compare -mcpu=v11.0 -mno-xl-soft-mul -Wl,--no-relax -ffunction-sections -fdata-sections -MMD -MP -MF"src/stopwatch.d" -MT"src/stopwatch.o" -o "src/stopwatch.o" "../src/stopwatch.c"
In file included from ../src/stopwatch.c:16:0:
../../lab1B_bsp/microblaze_0/include/xbasic_types.h:111:2: warning: #warning The xbasics_type.h file is deprecated and users should use xil_types.h and xil_assert. [-Wcpp]
 #warning  The xbasics_type.h file is deprecated and users should use xil_types.h and xil_assert.
  ^~~~~~~
../../lab1B_bsp/microblaze_0/include/xbasic_types.h:112:2: warning: #warning Please refer the Standalone BSP UG647 for further details [-Wcpp]
 #warning  Please refer the Standalone BSP UG647 for further details
  ^~~~~~~
../src/stopwatch.c: In function 'main':
../src/stopwatch.c:134:30: warning: passing argument 1 of 'XTmrCtr_GetValue' from incompatible pointer type [-Wincompatible-pointer-types]
     int x = XTmrCtr_GetValue(&intc, 0);
                              ^
In file included from ../src/stopwatch.c:9:0:
../../lab1B_bsp/microblaze_0/include/xtmrctr.h:289:5: note: expected 'XTmrCtr * {aka struct <anonymous> *}' but argument is of type 'XIntc * {aka struct <anonymous> *}'
 u32 XTmrCtr_GetValue(XTmrCtr * InstancePtr, u8 TmrCtrNumber);
     ^~~~~~~~~~~~~~~~
../src/stopwatch.c:37:10: warning: unused variable 'data' [-Wunused-variable]
  Xuint32 data;
          ^~~~
../src/stopwatch.c:29:15: warning: unused variable 'axi_gpio_btn_Gpio' [-Wunused-variable]
  static XGpio axi_gpio_btn_Gpio;
               ^~~~~~~~~~~~~~~~~
../src/stopwatch.c:28:17: warning: unused variable 'axi_timer_1_Timer' [-Wunused-variable]
  static XTmrCtr axi_timer_1_Timer;
                 ^~~~~~~~~~~~~~~~~
../src/stopwatch.c:27:17: warning: unused variable 'axi_timer_0_Timer' [-Wunused-variable]
  static XTmrCtr axi_timer_0_Timer;
                 ^~~~~~~~~~~~~~~~~
At top level:
../src/stopwatch.c:27:17: warning: 'axi_timer_0_Timer' defined but not used [-Wunused-variable]
../src/stopwatch.c:28:17: warning: 'axi_timer_1_Timer' defined but not used [-Wunused-variable]
  static XTmrCtr axi_timer_1_Timer;
                 ^~~~~~~~~~~~~~~~~
../src/stopwatch.c:29:15: warning: 'axi_gpio_btn_Gpio' defined but not used [-Wunused-variable]
  static XGpio axi_gpio_btn_Gpio;
               ^~~~~~~~~~~~~~~~~
Finished building: ../src/stopwatch.c
 
Building target: lab1B.elf
Invoking: MicroBlaze gcc linker
mb-gcc -Wl,-T -Wl,../src/lscript.ld -L../../lab1B_bsp/microblaze_0/lib -mlittle-endian -mxl-barrel-shift -mxl-pattern-compare -mcpu=v11.0 -mno-xl-soft-mul -Wl,--no-relax -Wl,--gc-sections -o "lab1B.elf"  ./src/sevenSeg_new.o ./src/stopwatch.o   -Wl,--start-group,-lxil,-lgcc,-lc,--end-group
Finished building target: lab1B.elf
 
Invoking: MicroBlaze Print Size
mb-size lab1B.elf  |tee "lab1B.elf.size"
   text	   data	    bss	    dec	    hex	filename
  10628	    436	   3248	  14312	   37e8	lab1B.elf
Finished building: lab1B.elf.size
 
20:12:10 **** Incremental Build of configuration Debug for project lab1B ****
make all 
make: Nothing to be done for 'all'.
20:12:41 **** Auto Build of configuration Debug for project lab1B ****
make all 
Building file: ../src/stopwatch.c
Invoking: MicroBlaze gcc compiler
mb-gcc -Wall -O0 -g3 -c -fmessage-length=0 -MT"src/stopwatch.o" -I../../lab1B_bsp/microblaze_0/include -mlittle-endian -mxl-barrel-shift -mxl-pattern-compare -mcpu=v11.0 -mno-xl-soft-mul -Wl,--no-relax -ffunction-sections -fdata-sections -MMD -MP -MF"src/stopwatch.d" -MT"src/stopwatch.o" -o "src/stopwatch.o" "../src/stopwatch.c"
In file included from ../src/stopwatch.c:16:0:
../../lab1B_bsp/microblaze_0/include/xbasic_types.h:111:2: warning: #warning The xbasics_type.h file is deprecated and users should use xil_types.h and xil_assert. [-Wcpp]
 #warning  The xbasics_type.h file is deprecated and users should use xil_types.h and xil_assert.
  ^~~~~~~
../../lab1B_bsp/microblaze_0/include/xbasic_types.h:112:2: warning: #warning Please refer the Standalone BSP UG647 for further details [-Wcpp]
 #warning  Please refer the Standalone BSP UG647 for further details
  ^~~~~~~
../src/stopwatch.c: In function 'main':
../src/stopwatch.c:134:30: warning: passing argument 1 of 'XTmrCtr_GetValue' from incompatible pointer type [-Wincompatible-pointer-types]
     int x = XTmrCtr_GetValue(&intc, 0);
                              ^
In file included from ../src/stopwatch.c:9:0:
../../lab1B_bsp/microblaze_0/include/xtmrctr.h:289:5: note: expected 'XTmrCtr * {aka struct <anonymous> *}' but argument is of type 'XIntc * {aka struct <anonymous> *}'
 u32 XTmrCtr_GetValue(XTmrCtr * InstancePtr, u8 TmrCtrNumber);
     ^~~~~~~~~~~~~~~~
../src/stopwatch.c:37:10: warning: unused variable 'data' [-Wunused-variable]
  Xuint32 data;
          ^~~~
../src/stopwatch.c:29:15: warning: unused variable 'axi_gpio_btn_Gpio' [-Wunused-variable]
  static XGpio axi_gpio_btn_Gpio;
               ^~~~~~~~~~~~~~~~~
../src/stopwatch.c:28:17: warning: unused variable 'axi_timer_1_Timer' [-Wunused-variable]
  static XTmrCtr axi_timer_1_Timer;
                 ^~~~~~~~~~~~~~~~~
../src/stopwatch.c:27:17: warning: unused variable 'axi_timer_0_Timer' [-Wunused-variable]
  static XTmrCtr axi_timer_0_Timer;
                 ^~~~~~~~~~~~~~~~~
At top level:
../src/stopwatch.c:27:17: warning: 'axi_timer_0_Timer' defined but not used [-Wunused-variable]
../src/stopwatch.c:28:17: warning: 'axi_timer_1_Timer' defined but not used [-Wunused-variable]
  static XTmrCtr axi_timer_1_Timer;
                 ^~~~~~~~~~~~~~~~~
../src/stopwatch.c:29:15: warning: 'axi_gpio_btn_Gpio' defined but not used [-Wunused-variable]
  static XGpio axi_gpio_btn_Gpio;
               ^~~~~~~~~~~~~~~~~
Finished building: ../src/stopwatch.c
 
Building target: lab1B.elf
Invoking: MicroBlaze gcc linker
mb-gcc -Wl,-T -Wl,../src/lscript.ld -L../../lab1B_bsp/microblaze_0/lib -mlittle-endian -mxl-barrel-shift -mxl-pattern-compare -mcpu=v11.0 -mno-xl-soft-mul -Wl,--no-relax -Wl,--gc-sections -o "lab1B.elf"  ./src/sevenSeg_new.o ./src/stopwatch.o   -Wl,--start-group,-lxil,-lgcc,-lc,--end-group
Finished building target: lab1B.elf
 
Invoking: MicroBlaze Print Size
mb-size lab1B.elf  |tee "lab1B.elf.size"
   text	   data	    bss	    dec	    hex	filename
  24492	   1476	   3312	  29280	   7260	lab1B.elf
Finished building: lab1B.elf.size
 
20:12:42 **** Incremental Build of configuration Debug for project lab1B ****
make all 
make: Nothing to be done for 'all'.
20:12:57 **** Auto Build of configuration Debug for project lab1B ****
make all 
Building file: ../src/stopwatch.c
Invoking: MicroBlaze gcc compiler
mb-gcc -Wall -O0 -g3 -c -fmessage-length=0 -MT"src/stopwatch.o" -I../../lab1B_bsp/microblaze_0/include -mlittle-endian -mxl-barrel-shift -mxl-pattern-compare -mcpu=v11.0 -mno-xl-soft-mul -Wl,--no-relax -ffunction-sections -fdata-sections -MMD -MP -MF"src/stopwatch.d" -MT"src/stopwatch.o" -o "src/stopwatch.o" "../src/stopwatch.c"
In file included from ../src/stopwatch.c:16:0:
../../lab1B_bsp/microblaze_0/include/xbasic_types.h:111:2: warning: #warning The xbasics_type.h file is deprecated and users should use xil_types.h and xil_assert. [-Wcpp]
 #warning  The xbasics_type.h file is deprecated and users should use xil_types.h and xil_assert.
  ^~~~~~~
../../lab1B_bsp/microblaze_0/include/xbasic_types.h:112:2: warning: #warning Please refer the Standalone BSP UG647 for further details [-Wcpp]
 #warning  Please refer the Standalone BSP UG647 for further details
  ^~~~~~~
../src/stopwatch.c: In function 'main':
../src/stopwatch.c:134:30: warning: passing argument 1 of 'XTmrCtr_GetValue' from incompatible pointer type [-Wincompatible-pointer-types]
     int x = XTmrCtr_GetValue(&intc, 0);
                              ^
In file included from ../src/stopwatch.c:9:0:
../../lab1B_bsp/microblaze_0/include/xtmrctr.h:289:5: note: expected 'XTmrCtr * {aka struct <anonymous> *}' but argument is of type 'XIntc * {aka struct <anonymous> *}'
 u32 XTmrCtr_GetValue(XTmrCtr * InstancePtr, u8 TmrCtrNumber);
     ^~~~~~~~~~~~~~~~
../src/stopwatch.c:37:10: warning: unused variable 'data' [-Wunused-variable]
  Xuint32 data;
          ^~~~
../src/stopwatch.c:29:15: warning: unused variable 'axi_gpio_btn_Gpio' [-Wunused-variable]
  static XGpio axi_gpio_btn_Gpio;
               ^~~~~~~~~~~~~~~~~
../src/stopwatch.c:28:17: warning: unused variable 'axi_timer_1_Timer' [-Wunused-variable]
  static XTmrCtr axi_timer_1_Timer;
                 ^~~~~~~~~~~~~~~~~
../src/stopwatch.c:27:17: warning: unused variable 'axi_timer_0_Timer' [-Wunused-variable]
  static XTmrCtr axi_timer_0_Timer;
                 ^~~~~~~~~~~~~~~~~
At top level:
../src/stopwatch.c:27:17: warning: 'axi_timer_0_Timer' defined but not used [-Wunused-variable]
../src/stopwatch.c:28:17: warning: 'axi_timer_1_Timer' defined but not used [-Wunused-variable]
  static XTmrCtr axi_timer_1_Timer;
                 ^~~~~~~~~~~~~~~~~
../src/stopwatch.c:29:15: warning: 'axi_gpio_btn_Gpio' defined but not used [-Wunused-variable]
  static XGpio axi_gpio_btn_Gpio;
               ^~~~~~~~~~~~~~~~~
Finished building: ../src/stopwatch.c
 
Building target: lab1B.elf
Invoking: MicroBlaze gcc linker
mb-gcc -Wl,-T -Wl,../src/lscript.ld -L../../lab1B_bsp/microblaze_0/lib -mlittle-endian -mxl-barrel-shift -mxl-pattern-compare -mcpu=v11.0 -mno-xl-soft-mul -Wl,--no-relax -Wl,--gc-sections -o "lab1B.elf"  ./src/sevenSeg_new.o ./src/stopwatch.o   -Wl,--start-group,-lxil,-lgcc,-lc,--end-group
Finished building target: lab1B.elf
 
Invoking: MicroBlaze Print Size
mb-size lab1B.elf  |tee "lab1B.elf.size"
   text	   data	    bss	    dec	    hex	filename
  24520	   1476	   3308	  29304	   7278	lab1B.elf
Finished building: lab1B.elf.size
 
20:12:59 **** Incremental Build of configuration Debug for project lab1B ****
make all 
make: Nothing to be done for 'all'.
20:14:33 **** Auto Build of configuration Debug for project lab1B ****
make all 
Building file: ../src/stopwatch.c
Invoking: MicroBlaze gcc compiler
mb-gcc -Wall -O0 -g3 -c -fmessage-length=0 -MT"src/stopwatch.o" -I../../lab1B_bsp/microblaze_0/include -mlittle-endian -mxl-barrel-shift -mxl-pattern-compare -mcpu=v11.0 -mno-xl-soft-mul -Wl,--no-relax -ffunction-sections -fdata-sections -MMD -MP -MF"src/stopwatch.d" -MT"src/stopwatch.o" -o "src/stopwatch.o" "../src/stopwatch.c"
In file included from ../src/stopwatch.c:16:0:
../../lab1B_bsp/microblaze_0/include/xbasic_types.h:111:2: warning: #warning The xbasics_type.h file is deprecated and users should use xil_types.h and xil_assert. [-Wcpp]
 #warning  The xbasics_type.h file is deprecated and users should use xil_types.h and xil_assert.
  ^~~~~~~
../../lab1B_bsp/microblaze_0/include/xbasic_types.h:112:2: warning: #warning Please refer the Standalone BSP UG647 for further details [-Wcpp]
 #warning  Please refer the Standalone BSP UG647 for further details
  ^~~~~~~
../src/stopwatch.c: In function 'main':
../src/stopwatch.c:131:30: warning: passing argument 1 of 'XTmrCtr_GetValue' from incompatible pointer type [-Wincompatible-pointer-types]
     int x = XTmrCtr_GetValue(&intc, 0);
                              ^
In file included from ../src/stopwatch.c:9:0:
../../lab1B_bsp/microblaze_0/include/xtmrctr.h:289:5: note: expected 'XTmrCtr * {aka struct <anonymous> *}' but argument is of type 'XIntc * {aka struct <anonymous> *}'
 u32 XTmrCtr_GetValue(XTmrCtr * InstancePtr, u8 TmrCtrNumber);
     ^~~~~~~~~~~~~~~~
../src/stopwatch.c:34:10: warning: unused variable 'data' [-Wunused-variable]
  Xuint32 data;
          ^~~~
Finished building: ../src/stopwatch.c
 
Building target: lab1B.elf
Invoking: MicroBlaze gcc linker
[...]
make -k all 
Running Make include in microblaze_0/libsrc/tmrctr_v4_5/src
make -C microblaze_0/libsrc/tmrctr_v4_5/src -s include  "SHELL=/bin/sh" "COMPILER=mb-gcc" "ARCHIVER=mb-ar" "COMPILER_FLAGS=  -O2 -c -mcpu=v11.0 -mlittle-endian -mno-xl-soft-mul -mxl-barrel-shift -mxl-pattern-compare" "EXTRA_COMPILER_FLAGS=-ffunction-sections -fdata-sections -Wall -Wextra"
Running Make include in microblaze_0/libsrc/standalone_v6_8/src
make -C microblaze_0/libsrc/standalone_v6_8/src -s include  "SHELL=/bin/sh" "COMPILER=mb-gcc" "ARCHIVER=mb-ar" "COMPILER_FLAGS=  -O2 -c -mcpu=v11.0 -mlittle-endian -mno-xl-soft-mul -mxl-barrel-shift -mxl-pattern-compare" "EXTRA_COMPILER_FLAGS=-ffunction-sections -fdata-sections -Wall -Wextra"
Running Make include in microblaze_0/libsrc/sevenSeg_v1_0/src
make -C microblaze_0/libsrc/sevenSeg_v1_0/src -s include  "SHELL=/bin/sh" "COMPILER=mb-gcc" "ARCHIVER=mb-ar" "COMPILER_FLAGS=  -O2 -c -mcpu=v11.0 -mlittle-endian -mno-xl-soft-mul -mxl-barrel-shift -mxl-pattern-compare" "EXTRA_COMPILER_FLAGS=-ffunction-sections -fdata-sections -Wall -Wextra"
Running Make include in microblaze_0/libsrc/uartlite_v3_2/src
make -C microblaze_0/libsrc/uartlite_v3_2/src -s include  "SHELL=/bin/sh" "COMPILER=mb-gcc" "ARCHIVER=mb-ar" "COMPILER_FLAGS=  -O2 -c -mcpu=v11.0 -mlittle-endian -mno-xl-soft-mul -mxl-barrel-shift -mxl-pattern-compare" "EXTRA_COMPILER_FLAGS=-ffunction-sections -fdata-sections -Wall -Wextra"
Running Make include in microblaze_0/libsrc/bram_v4_2/src
make -C microblaze_0/libsrc/bram_v4_2/src -s include  "SHELL=/bin/sh" "COMPILER=mb-gcc" "ARCHIVER=mb-ar" "COMPILER_FLAGS=  -O2 -c -mcpu=v11.0 -mlittle-endian -mno-xl-soft-mul -mxl-barrel-shift -mxl-pattern-compare" "EXTRA_COMPILER_FLAGS=-ffunction-sections -fdata-sections -Wall -Wextra"
Running Make include in microblaze_0/libsrc/cpu_v2_8/src
make -C microblaze_0/libsrc/cpu_v2_8/src -s include  "SHELL=/bin/sh" "COMPILER=mb-gcc" "ARCHIVER=mb-ar" "COMPILER_FLAGS=  -O2 -c -mcpu=v11.0 -mlittle-endian -mno-xl-soft-mul -mxl-barrel-shift -mxl-pattern-compare" "EXTRA_COMPILER_FLAGS=-ffunction-sections -fdata-sections -Wall -Wextra"
Running Make include in microblaze_0/libsrc/gpio_v4_3/src
make -C microblaze_0/libsrc/gpio_v4_3/src -s include  "SHELL=/bin/sh" "COMPILER=mb-gcc" "ARCHIVER=mb-ar" "COMPILER_FLAGS=  -O2 -c -mcpu=v11.0 -mlittle-endian -mno-xl-soft-mul -mxl-barrel-shift -mxl-pattern-compare" "EXTRA_COMPILER_FLAGS=-ffunction-sections -fdata-sections -Wall -Wextra"
Running Make include in microblaze_0/libsrc/intc_v3_8/src
make -C microblaze_0/libsrc/intc_v3_8/src -s include  "SHELL=/bin/sh" "COMPILER=mb-gcc" "ARCHIVER=mb-ar" "COMPILER_FLAGS=  -O2 -c -mcpu=v11.0 -mlittle-endian -mno-xl-soft-mul -mxl-barrel-shift -mxl-pattern-compare" "EXTRA_COMPILER_FLAGS=-ffunction-sections -fdata-sections -Wall -Wextra"
Running Make libs in microblaze_0/libsrc/tmrctr_v4_5/src
make -C microblaze_0/libsrc/tmrctr_v4_5/src -s libs  "SHELL=/bin/sh" "COMPILER=mb-gcc" "ARCHIVER=mb-ar" "COMPILER_FLAGS=  -O2 -c -mcpu=v11.0 -mlittle-endian -mno-xl-soft-mul -mxl-barrel-shift -mxl-pattern-compare" "EXTRA_COMPILER_FLAGS=-ffunction-sections -fdata-sections -Wall -Wextra"
Compiling tmrctr
mb-ar: creating ../../../lib/libxil.a
Running Make libs in microblaze_0/libsrc/standalone_v6_8/src
make -C microblaze_0/libsrc/standalone_v6_8/src -s libs  "SHELL=/bin/sh" "COMPILER=mb-gcc" "ARCHIVER=mb-ar" "COMPILER_FLAGS=  -O2 -c -mcpu=v11.0 -mlittle-endian -mno-xl-soft-mul -mxl-barrel-shift -mxl-pattern-compare" "EXTRA_COMPILER_FLAGS=-ffunction-sections -fdata-sections -Wall -Wextra"
Compiling standalone
microblaze_sleep.c:77:9: note: #pragma message: For the sleep routines, assembly instructions are used
 #pragma message ("For the sleep routines, assembly instructions are used")
         ^~~~~~~
Running Make libs in microblaze_0/libsrc/sevenSeg_v1_0/src
make -C microblaze_0/libsrc/sevenSeg_v1_0/src -s libs  "SHELL=/bin/sh" "COMPILER=mb-gcc" "ARCHIVER=mb-ar" "COMPILER_FLAGS=  -O2 -c -mcpu=v11.0 -mlittle-endian -mno-xl-soft-mul -mxl-barrel-shift -mxl-pattern-compare" "EXTRA_COMPILER_FLAGS=-ffunction-sections -fdata-sections -Wall -Wextra"
Compiling sevenSeg...
In file included from sevenSeg_selftest.c:3:0:
sevenSeg_selftest.c: In function 'SEVENSEG_Reg_SelfTest':
sevenSeg.h:46:4: warning: implicit declaration of function 'Xil_Out32' [-Wimplicit-function-declaration]
    Xil_Out32((BaseAddress) + (RegOffset), (u32)(Data))
    ^
sevenSeg_selftest.c:50:4: note: in expansion of macro 'SEVENSEG_mWriteReg'
    SEVENSEG_mWriteReg (baseaddr, write_loop_index*4, (write_loop_index+1)*READ_WRITE_MUL_FACTOR);
    ^~~~~~~~~~~~~~~~~~
sevenSeg.h:66:5: warning: implicit declaration of function 'Xil_In32' [-Wimplicit-function-declaration]
     Xil_In32((BaseAddress) + (RegOffset))
     ^
sevenSeg_selftest.c:52:9: note: in expansion of macro 'SEVENSEG_mReadReg'
    if ( SEVENSEG_mReadReg (baseaddr, read_loop_index*4) != (read_loop_index+1)*READ_WRITE_MUL_FACTOR){
         ^~~~~~~~~~~~~~~~~
sevenSeg_selftest.c:36:6: warning: unused variable 'Index' [-Wunused-variable]
  int Index;
      ^~~~~
Running Make libs in microblaze_0/libsrc/uartlite_v3_2/src
make -C microblaze_0/libsrc/uartlite_v3_2/src -s libs  "SHELL=/bin/sh" "COMPILER=mb-gcc" "ARCHIVER=mb-ar" "COMPILER_FLAGS=  -O2 -c -mcpu=v11.0 -mlittle-endian -mno-xl-soft-mul -mxl-barrel-shift -mxl-pattern-compare" "EXTRA_COMPILER_FLAGS=-ffunction-sections -fdata-sections -Wall -Wextra"
Compiling uartlite
Running Make libs in microblaze_0/libsrc/bram_v4_2/src
make -C microblaze_0/libsrc/bram_v4_2/src -s libs  "SHELL=/bin/sh" "COMPILER=mb-gcc" "ARCHIVER=mb-ar" "COMPILER_FLAGS=  -O2 -c -mcpu=v11.0 -mlittle-endian -mno-xl-soft-mul -mxl-barrel-shift -mxl-pattern-compare" "EXTRA_COMPILER_FLAGS=-ffunction-sections -fdata-sections -Wall -Wextra"
Compiling bram
Running Make libs in microblaze_0/libsrc/cpu_v2_8/src
make -C microblaze_0/libsrc/cpu_v2_8/src -s libs  "SHELL=/bin/sh" "COMPILER=mb-gcc" "ARCHIVER=mb-ar" "COMPILER_FLAGS=  -O2 -c -mcpu=v11.0 -mlittle-endian -mno-xl-soft-mul -mxl-barrel-shift -mxl-pattern-compare" "EXTRA_COMPILER_FLAGS=-ffunction-sections -fdata-sections -Wall -Wextra"
Compiling cpu
Running Make libs in microblaze_0/libsrc/gpio_v4_3/src
make -C microblaze_0/libsrc/gpio_v4_3/src -s libs  "SHELL=/bin/sh" "COMPILER=mb-gcc" "ARCHIVER=mb-ar" "COMPILER_FLAGS=  -O2 -c -mcpu=v11.0 -mlittle-endian -mno-xl-soft-mul -mxl-barrel-shift -mxl-pattern-compare" "EXTRA_COMPILER_FLAGS=-ffunction-sections -fdata-sections -Wall -Wextra"
Compiling gpio
Running Make libs in microblaze_0/libsrc/intc_v3_8/src
make -C microblaze_0/libsrc/intc_v3_8/src -s libs  "SHELL=/bin/sh" "COMPILER=mb-gcc" "ARCHIVER=mb-ar" "COMPILER_FLAGS=  -O2 -c -mcpu=v11.0 -mlittle-endian -mno-xl-soft-mul -mxl-barrel-shift -mxl-pattern-compare" "EXTRA_COMPILER_FLAGS=-ffunction-sections -fdata-sections -Wall -Wextra"
Compiling intc
Finished building libraries
22:08:23 **** Auto Build of configuration Debug for project lab1B ****
make all 
Building file: ../src/sevenSeg_new.c
Invoking: MicroBlaze gcc compiler
mb-gcc -Wall -O0 -g3 -c -fmessage-length=0 -MT"src/sevenSeg_new.o" -I../../lab1B_bsp/microblaze_0/include -mlittle-endian -mxl-barrel-shift -mxl-pattern-compare -mcpu=v11.0 -mno-xl-soft-mul -Wl,--no-relax -ffunction-sections -fdata-sections -MMD -MP -MF"src/sevenSeg_new.d" -MT"src/sevenSeg_new.o" -o "src/sevenSeg_new.o" "../src/sevenSeg_new.c"
Finished building: ../src/sevenSeg_new.c
 
Building file: ../src/stopwatch.c
Invoking: MicroBlaze gcc compiler
mb-gcc -Wall -O0 -g3 -c -fmessage-length=0 -MT"src/stopwatch.o" -I../../lab1B_bsp/microblaze_0/include -mlittle-endian -mxl-barrel-shift -mxl-pattern-compare -mcpu=v11.0 -mno-xl-soft-mul -Wl,--no-relax -ffunction-sections -fdata-sections -MMD -MP -MF"src/stopwatch.d" -MT"src/stopwatch.o" -o "src/stopwatch.o" "../src/stopwatch.c"
In file included from ../src/stopwatch.c:16:0:
../../lab1B_bsp/microblaze_0/include/xbasic_types.h:111:2: warning: #warning The xbasics_type.h file is deprecated and users should use xil_types.h and xil_assert. [-Wcpp]
 #warning  The xbasics_type.h file is deprecated and users should use xil_types.h and xil_assert.
  ^~~~~~~
../../lab1B_bsp/microblaze_0/include/xbasic_types.h:112:2: warning: #warning Please refer the Standalone BSP UG647 for further details [-Wcpp]
 #warning  Please refer the Standalone BSP UG647 for further details
  ^~~~~~~
Finished building: ../src/stopwatch.c
 
Building target: lab1B.elf
Invoking: MicroBlaze gcc linker
mb-gcc -Wl,-T -Wl,../src/lscript.ld -L../../lab1B_bsp/microblaze_0/lib -mlittle-endian -mxl-barrel-shift -mxl-pattern-compare -mcpu=v11.0 -mno-xl-soft-mul -Wl,--no-relax -Wl,--gc-sections -o "lab1B.elf"  ./src/sevenSeg_new.o ./src/stopwatch.o   -Wl,--start-group,-lxil,-lgcc,-lc,--end-group
Finished building target: lab1B.elf
 
Invoking: MicroBlaze Print Size
mb-size lab1B.elf  |tee "lab1B.elf.size"
   text	   data	    bss	    dec	    hex	filename
  13080	    512	   3360	  16952	   4238	lab1B.elf
Finished building: lab1B.elf.size
 
22:08:24 **** Auto Build of project test_bsp ****
make -k all 
Running Make include in microblaze_0/libsrc/tmrctr_v4_5/src
make -C microblaze_0/libsrc/tmrctr_v4_5/src -s include  "SHELL=/bin/sh" "COMPILER=mb-gcc" "ARCHIVER=mb-ar" "COMPILER_FLAGS=  -O2 -c -mcpu=v11.0 -mlittle-endian -mno-xl-soft-mul -mxl-barrel-shift -mxl-pattern-compare" "EXTRA_COMPILER_FLAGS=-ffunction-sections -fdata-sections -Wall -Wextra"
Running Make include in microblaze_0/libsrc/standalone_v6_8/src
make -C microblaze_0/libsrc/standalone_v6_8/src -s include  "SHELL=/bin/sh" "COMPILER=mb-gcc" "ARCHIVER=mb-ar" "COMPILER_FLAGS=  -O2 -c -mcpu=v11.0 -mlittle-endian -mno-xl-soft-mul -mxl-barrel-shift -mxl-pattern-compare" "EXTRA_COMPILER_FLAGS=-ffunction-sections -fdata-sections -Wall -Wextra"
Running Make include in microblaze_0/libsrc/sevenSeg_v1_0/src
make -C microblaze_0/libsrc/sevenSeg_v1_0/src -s include  "SHELL=/bin/sh" "COMPILER=mb-gcc" "ARCHIVER=mb-ar" "COMPILER_FLAGS=  -O2 -c -mcpu=v11.0 -mlittle-endian -mno-xl-soft-mul -mxl-barrel-shift -mxl-pattern-compare" "EXTRA_COMPILER_FLAGS=-ffunction-sections -fdata-sections -Wall -Wextra"
Running Make include in microblaze_0/libsrc/uartlite_v3_2/src
make -C microblaze_0/libsrc/uartlite_v3_2/src -s include  "SHELL=/bin/sh" "COMPILER=mb-gcc" "ARCHIVER=mb-ar" "COMPILER_FLAGS=  -O2 -c -mcpu=v11.0 -mlittle-endian -mno-xl-soft-mul -mxl-barrel-shift -mxl-pattern-compare" "EXTRA_COMPILER_FLAGS=-ffunction-sections -fdata-sections -Wall -Wextra"
Running Make include in microblaze_0/libsrc/bram_v4_2/src
make -C microblaze_0/libsrc/bram_v4_2/src -s include  "SHELL=/bin/sh" "COMPILER=mb-gcc" "ARCHIVER=mb-ar" "COMPILER_FLAGS=  -O2 -c -mcpu=v11.0 -mlittle-endian -mno-xl-soft-mul -mxl-barrel-shift -mxl-pattern-compare" "EXTRA_COMPILER_FLAGS=-ffunction-sections -fdata-sections -Wall -Wextra"
Running Make include in microblaze_0/libsrc/cpu_v2_8/src
make -C microblaze_0/libsrc/cpu_v2_8/src -s include  "SHELL=/bin/sh" "COMPILER=mb-gcc" "ARCHIVER=mb-ar" "COMPILER_FLAGS=  -O2 -c -mcpu=v11.0 -mlittle-endian -mno-xl-soft-mul -mxl-barrel-shift -mxl-pattern-compare" "EXTRA_COMPILER_FLAGS=-ffunction-sections -fdata-sections -Wall -Wextra"
Running Make include in microblaze_0/libsrc/gpio_v4_3/src
make -C microblaze_0/libsrc/gpio_v4_3/src -s include  "SHELL=/bin/sh" "COMPILER=mb-gcc" "ARCHIVER=mb-ar" "COMPILER_FLAGS=  -O2 -c -mcpu=v11.0 -mlittle-endian -mno-xl-soft-mul -mxl-barrel-shift -mxl-pattern-compare" "EXTRA_COMPILER_FLAGS=-ffunction-sections -fdata-sections -Wall -Wextra"
Running Make include in microblaze_0/libsrc/intc_v3_8/src
make -C microblaze_0/libsrc/intc_v3_8/src -s include  "SHELL=/bin/sh" "COMPILER=mb-gcc" "ARCHIVER=mb-ar" "COMPILER_FLAGS=  -O2 -c -mcpu=v11.0 -mlittle-endian -mno-xl-soft-mul -mxl-barrel-shift -mxl-pattern-compare" "EXTRA_COMPILER_FLAGS=-ffunction-sections -fdata-sections -Wall -Wextra"
Running Make libs in microblaze_0/libsrc/tmrctr_v4_5/src
make -C microblaze_0/libsrc/tmrctr_v4_5/src -s libs  "SHELL=/bin/sh" "COMPILER=mb-gcc" "ARCHIVER=mb-ar" "COMPILER_FLAGS=  -O2 -c -mcpu=v11.0 -mlittle-endian -mno-xl-soft-mul -mxl-barrel-shift -mxl-pattern-compare" "EXTRA_COMPILER_FLAGS=-ffunction-sections -fdata-sections -Wall -Wextra"
Compiling tmrctr
mb-ar: creating ../../../lib/libxil.a
Running Make libs in microblaze_0/libsrc/standalone_v6_8/src
make -C microblaze_0/libsrc/standalone_v6_8/src -s libs  "SHELL=/bin/sh" "COMPILER=mb-gcc" "ARCHIVER=mb-ar" "COMPILER_FLAGS=  -O2 -c -mcpu=v11.0 -mlittle-endian -mno-xl-soft-mul -mxl-barrel-shift -mxl-pattern-compare" "EXTRA_COMPILER_FLAGS=-ffunction-sections -fdata-sections -Wall -Wextra"
Compiling standalone
microblaze_sleep.c:77:9: note: #pragma message: For the sleep routines, assembly instructions are used
 #pragma message ("For the sleep routines, assembly instructions are used")
         ^~~~~~~
Running Make libs in microblaze_0/libsrc/sevenSeg_v1_0/src
make -C microblaze_0/libsrc/sevenSeg_v1_0/src -s libs  "SHELL=/bin/sh" "COMPILER=mb-gcc" "ARCHIVER=mb-ar" "COMPILER_FLAGS=  -O2 -c -mcpu=v11.0 -mlittle-endian -mno-xl-soft-mul -mxl-barrel-shift -mxl-pattern-compare" "EXTRA_COMPILER_FLAGS=-ffunction-sections -fdata-sections -Wall -Wextra"
Compiling sevenSeg...
In file included from sevenSeg_selftest.c:3:0:
sevenSeg_selftest.c: In function 'SEVENSEG_Reg_SelfTest':
sevenSeg.h:46:4: warning: implicit declaration of function 'Xil_Out32' [-Wimplicit-function-declaration]
    Xil_Out32((BaseAddress) + (RegOffset), (u32)(Data))
    ^
sevenSeg_selftest.c:50:4: note: in expansion of macro 'SEVENSEG_mWriteReg'
    SEVENSEG_mWriteReg (baseaddr, write_loop_index*4, (write_loop_index+1)*READ_WRITE_MUL_FACTOR);
    ^~~~~~~~~~~~~~~~~~
sevenSeg.h:66:5: warning: implicit declaration of function 'Xil_In32' [-Wimplicit-function-declaration]
     Xil_In32((BaseAddress) + (RegOffset))
     ^
sevenSeg_selftest.c:52:9: note: in expansion of macro 'SEVENSEG_mReadReg'
    if ( SEVENSEG_mReadReg (baseaddr, read_loop_index*4) != (read_loop_index+1)*READ_WRITE_MUL_FACTOR){
         ^~~~~~~~~~~~~~~~~
sevenSeg_selftest.c:36:6: warning: unused variable 'Index' [-Wunused-variable]
  int Index;
      ^~~~~
Running Make libs in microblaze_0/libsrc/uartlite_v3_2/src
make -C microblaze_0/libsrc/uartlite_v3_2/src -s libs  "SHELL=/bin/sh" "COMPILER=mb-gcc" "ARCHIVER=mb-ar" "COMPILER_FLAGS=  -O2 -c -mcpu=v11.0 -mlittle-endian -mno-xl-soft-mul -mxl-barrel-shift -mxl-pattern-compare" "EXTRA_COMPILER_FLAGS=-ffunction-sections -fdata-sections -Wall -Wextra"
Compiling uartlite
Running Make libs in microblaze_0/libsrc/bram_v4_2/src
make -C microblaze_0/libsrc/bram_v4_2/src -s libs  "SHELL=/bin/sh" "COMPILER=mb-gcc" "ARCHIVER=mb-ar" "COMPILER_FLAGS=  -O2 -c -mcpu=v11.0 -mlittle-endian -mno-xl-soft-mul -mxl-barrel-shift -mxl-pattern-compare" "EXTRA_COMPILER_FLAGS=-ffunction-sections -fdata-sections -Wall -Wextra"
Compiling bram
Running Make libs in microblaze_0/libsrc/cpu_v2_8/src
make -C microblaze_0/libsrc/cpu_v2_8/src -s libs  "SHELL=/bin/sh" "COMPILER=mb-gcc" "ARCHIVER=mb-ar" "COMPILER_FLAGS=  -O2 -c -mcpu=v11.0 -mlittle-endian -mno-xl-soft-mul -mxl-barrel-shift -mxl-pattern-compare" "EXTRA_COMPILER_FLAGS=-ffunction-sections -fdata-sections -Wall -Wextra"
Compiling cpu
Running Make libs in microblaze_0/libsrc/gpio_v4_3/src
make -C microblaze_0/libsrc/gpio_v4_3/src -s libs  "SHELL=/bin/sh" "COMPILER=mb-gcc" "ARCHIVER=mb-ar" "COMPILER_FLAGS=  -O2 -c -mcpu=v11.0 -mlittle-endian -mno-xl-soft-mul -mxl-barrel-shift -mxl-pattern-compare" "EXTRA_COMPILER_FLAGS=-ffunction-sections -fdata-sections -Wall -Wextra"
Compiling gpio
Running Make libs in microblaze_0/libsrc/intc_v3_8/src
make -C microblaze_0/libsrc/intc_v3_8/src -s libs  "SHELL=/bin/sh" "COMPILER=mb-gcc" "ARCHIVER=mb-ar" "COMPILER_FLAGS=  -O2 -c -mcpu=v11.0 -mlittle-endian -mno-xl-soft-mul -mxl-barrel-shift -mxl-pattern-compare" "EXTRA_COMPILER_FLAGS=-ffunction-sections -fdata-sections -Wall -Wextra"
Compiling intc
Finished building libraries
22:08:27 **** Auto Build of configuration Debug for project test ****
make all 
Building file: ../src/testperiph.c
Invoking: MicroBlaze gcc compiler
mb-gcc -Wall -O0 -g3 -c -fmessage-length=0 -MT"src/testperiph.o" -I../../test_bsp/microblaze_0/include -mlittle-endian -mxl-barrel-shift -mxl-pattern-compare -mcpu=v11.0 -mno-xl-soft-mul -Wl,--no-relax -ffunction-sections -fdata-sections -MMD -MP -MF"src/testperiph.d" -MT"src/testperiph.o" -o "src/testperiph.o" "../src/testperiph.c"
Finished building: ../src/testperiph.c
 
Building file: ../src/xgpio_intr_tapp_example.c
Invoking: MicroBlaze gcc compiler
mb-gcc -Wall -O0 -g3 -c -fmessage-length=0 -MT"src/xgpio_intr_tapp_example.o" -I../../test_bsp/microblaze_0/include -mlittle-endian -mxl-barrel-shift -mxl-pattern-compare -mcpu=v11.0 -mno-xl-soft-mul -Wl,--no-relax -ffunction-sections -fdata-sections -MMD -MP -MF"src/xgpio_intr_tapp_example.d" -MT"src/xgpio_intr_tapp_example.o" -o "src/xgpio_intr_tapp_example.o" "../src/xgpio_intr_tapp_example.c"
../src/xgpio_intr_tapp_example.c: In function 'GpioSetupIntrSystem':
../src/xgpio_intr_tapp_example.c:290:6: warning: unused variable 'Result' [-Wunused-variable]
  int Result;
      ^~~~~~
Finished building: ../src/xgpio_intr_tapp_example.c
 
Building file: ../src/xgpio_tapp_example.c
Invoking: MicroBlaze gcc compiler
mb-gcc -Wall -O0 -g3 -c -fmessage-length=0 -MT"src/xgpio_tapp_example.o" -I../../test_bsp/microblaze_0/include -mlittle-endian -mxl-barrel-shift -mxl-pattern-compare -mcpu=v11.0 -mno-xl-soft-mul -Wl,--no-relax -ffunction-sections -fdata-sections -MMD -MP -MF"src/xgpio_tapp_example.d" -MT"src/xgpio_tapp_example.o" -o "src/xgpio_tapp_example.o" "../src/xgpio_tapp_example.c"
Finished building: ../src/xgpio_tapp_example.c
 
Building file: ../src/xintc_tapp_example.c
Invoking: MicroBlaze gcc compiler
mb-gcc -Wall -O0 -g3 -c -fmessage-length=0 -MT"src/xintc_tapp_example.o" -I../../test_bsp/microblaze_0/include -mlittle-endian -mxl-barrel-shift -mxl-pattern-compare -mcpu=v11.0 -mno-xl-soft-mul -Wl,--no-relax -ffunction-sections -fdata-sections -MMD -MP -MF"src/xintc_tapp_example.d" -MT"src/xintc_tapp_example.o" -o "src/xintc_tapp_example.o" "../src/xintc_tapp_example.c"
Finished building: ../src/xintc_tapp_example.c
 
Building file: ../src/xtmrctr_intr_example.c
Invoking: MicroBlaze gcc compiler
mb-gcc -Wall -O0 -g3 -c -fmessage-length=0 -MT"src/xtmrctr_intr_example.o" -I../../test_bsp/microblaze_0/include -mlittle-endian -mxl-barrel-shift -mxl-pattern-compare -mcpu=v11.0 -mno-xl-soft-mul -Wl,--no-relax -ffunction-sections -fdata-sections -MMD -MP -MF"src/xtmrctr_intr_example.d" -MT"src/xtmrctr_intr_example.o" -o "src/xtmrctr_intr_example.o" "../src/xtmrctr_intr_example.c"
Finished building: ../src/xtmrctr_intr_example.c
 
Building file: ../src/xtmrctr_selftest_example.c
Invoking: MicroBlaze gcc compiler
mb-gcc -Wall -O0 -g3 -c -fmessage-length=0 -MT"src/xtmrctr_selftest_example.o" -I../../test_bsp/microblaze_0/include -mlittle-endian -mxl-barrel-shift -mxl-pattern-compare -mcpu=v11.0 -mno-xl-soft-mul -Wl,--no-relax -ffunction-sections -fdata-sections -MMD -MP -MF"src/xtmrctr_selftest_example.d" -MT"src/xtmrctr_selftest_example.o" -o "src/xtmrctr_selftest_example.o" "../src/xtmrctr_selftest_example.c"
Finished building: ../src/xtmrctr_selftest_example.c
 
Building target: test.elf
Invoking: MicroBlaze gcc linker
mb-gcc -Wl,-T -Wl,../src/lscript.ld -L../../test_bsp/microblaze_0/lib -mlittle-endian -mxl-barrel-shift -mxl-pattern-compare -mcpu=v11.0 -mno-xl-soft-mul -Wl,--no-relax -Wl,--gc-sections -o "test.elf"  ./src/testperiph.o ./src/xgpio_intr_tapp_example.o ./src/xgpio_tapp_example.o ./src/xintc_tapp_example.o ./src/xtmrctr_intr_example.o ./src/xtmrctr_selftest_example.o   -Wl,--start-group,-lxil,-lgcc,-lc,--end-group
Finished building target: test.elf
 
Invoking: MicroBlaze Print Size
mb-size test.elf  |tee "test.elf.size"
   text	   data	    bss	    dec	    hex	filename
  17984	    508	   3476	  21968	   55d0	test.elf
Finished building: test.elf.size
 
