23:01:00 **** Auto Build of configuration Debug for project display ****
make all 
Building file: ../src/bsp.c
Invoking: MicroBlaze gcc compiler
mb-gcc -Wall -O0 -g3 -c -fmessage-length=0 -MT"src/bsp.o" -I../../display_bsp/microblaze_0/include -mlittle-endian -mxl-barrel-shift -mxl-pattern-compare -mcpu=v11.0 -mno-xl-soft-mul -Wl,--no-relax -ffunction-sections -fdata-sections -MMD -MP -MF"src/bsp.d" -MT"src/bsp.o" -o "src/bsp.o" "../src/bsp.c"
In file included from ../src/qpn_port.h:38:0,
                 from ../src/bsp.c:7:
../../display_bsp/microblaze_0/include/xbasic_types.h:111:2: warning: #warning The xbasics_type.h file is deprecated and users should use xil_types.h and xil_assert. [-Wcpp]
 #warning  The xbasics_type.h file is deprecated and users should use xil_types.h and xil_assert.
  ^~~~~~~
../../display_bsp/microblaze_0/include/xbasic_types.h:112:2: warning: #warning Please refer the Standalone BSP UG647 for further details [-Wcpp]
 #warning  Please refer the Standalone BSP UG647 for further details
  ^~~~~~~
In file included from ../../display_bsp/microblaze_0/include/xgpio.h:131:0,
                 from ../src/qpn_port.h:34,
                 from ../src/bsp.c:7:
../src/bsp.c: In function 'BSP_init':
../../display_bsp/microblaze_0/include/xstatus.h:61:41: warning: 'return' with a value, in function returning void
 #define XST_FAILURE                     1L
                                         ^
../src/bsp.c:238:10: note: in expansion of macro 'XST_FAILURE'
   return XST_FAILURE;
          ^~~~~~~~~~~
../src/bsp.c:229:6: note: declared here
 void BSP_init(void) {
      ^~~~~~~~
In file included from ../../display_bsp/microblaze_0/include/xgpio.h:131:0,
                 from ../src/qpn_port.h:34,
                 from ../src/bsp.c:7:
../../display_bsp/microblaze_0/include/xstatus.h:61:41: warning: 'return' with a value, in function returning void
 #define XST_FAILURE                     1L
                                         ^
../src/bsp.c:245:10: note: in expansion of macro 'XST_FAILURE'
   return XST_FAILURE;
          ^~~~~~~~~~~
../src/bsp.c:229:6: note: declared here
 void BSP_init(void) {
      ^~~~~~~~
In file included from ../../display_bsp/microblaze_0/include/xgpio.h:131:0,
                 from ../src/qpn_port.h:34,
                 from ../src/bsp.c:7:
../../display_bsp/microblaze_0/include/xstatus.h:61:41: warning: 'return' with a value, in function returning void
 #define XST_FAILURE                     1L
                                         ^
../src/bsp.c:252:10: note: in expansion of macro 'XST_FAILURE'
   return XST_FAILURE;
          ^~~~~~~~~~~
../src/bsp.c:229:6: note: declared here
 void BSP_init(void) {
      ^~~~~~~~
In file included from ../../display_bsp/microblaze_0/include/xgpio.h:131:0,
                 from ../src/qpn_port.h:34,
                 from ../src/bsp.c:7:
../../display_bsp/microblaze_0/include/xstatus.h:61:41: warning: 'return' with a value, in function returning void
 #define XST_FAILURE                     1L
                                         ^
../src/bsp.c:259:10: note: in expansion of macro 'XST_FAILURE'
   return XST_FAILURE;
          ^~~~~~~~~~~
../src/bsp.c:229:6: note: declared here
 void BSP_init(void) {
      ^~~~~~~~
In file included from ../../display_bsp/microblaze_0/include/xgpio.h:131:0,
                 from ../src/qpn_port.h:34,
                 from ../src/bsp.c:7:
../../display_bsp/microblaze_0/include/xstatus.h:61:41: warning: 'return' with a value, in function returning void
Finished building: ../src/bsp.c
 
Building file: ../src/fonts.c
Invoking: MicroBlaze gcc compiler
mb-gcc -Wall -O0 -g3 -c -fmessage-length=0 -MT"src/fonts.o" -I../../display_bsp/microblaze_0/include -mlittle-endian -mxl-barrel-shift -mxl-pattern-compare -mcpu=v11.0 -mno-xl-soft-mul -Wl,--no-relax -ffunction-sections -fdata-sections -MMD -MP -MF"src/fonts.d" -MT"src/fonts.o" -o "src/fonts.o" "../src/fonts.c"
 #define XST_FAILURE                     1L
                                         ^
../src/bsp.c:267:10: note: in expansion of macro 'XST_FAILURE'
   return XST_FAILURE;
          ^~~~~~~~~~~
../src/bsp.c:229:6: note: declared here
 void BSP_init(void) {
      ^~~~~~~~
In file included from ../../display_bsp/microblaze_0/include/xgpio.h:131:0,
                 from ../src/qpn_port.h:34,
                 from ../src/bsp.c:7:
../../display_bsp/microblaze_0/include/xstatus.h:61:41: warning: 'return' with a value, in function returning void
 #define XST_FAILURE                     1L
                                         ^
../src/bsp.c:276:10: note: in expansion of macro 'XST_FAILURE'
   return XST_FAILURE;
          ^~~~~~~~~~~
../src/bsp.c:229:6: note: declared here
 void BSP_init(void) {
      ^~~~~~~~
In file included from ../../display_bsp/microblaze_0/include/xgpio.h:131:0,
                 from ../src/qpn_port.h:34,
                 from ../src/bsp.c:7:
../../display_bsp/microblaze_0/include/xstatus.h:61:41: warning: 'return' with a value, in function returning void
 #define XST_FAILURE                     1L
                                         ^
../src/bsp.c:284:10: note: in expansion of macro 'XST_FAILURE'
   return XST_FAILURE;
          ^~~~~~~~~~~
../src/bsp.c:229:6: note: declared here
 void BSP_init(void) {
      ^~~~~~~~
In file included from ../../display_bsp/microblaze_0/include/xgpio.h:131:0,
                 from ../src/qpn_port.h:34,
                 from ../src/bsp.c:7:
../../display_bsp/microblaze_0/include/xstatus.h:62:41: warning: 'return' with a value, in function returning void
 #define XST_DEVICE_NOT_FOUND            2L
                                         ^
../src/bsp.c:295:10: note: in expansion of macro 'XST_DEVICE_NOT_FOUND'
   return XST_DEVICE_NOT_FOUND;
          ^~~~~~~~~~~~~~~~~~~~
../src/bsp.c:229:6: note: declared here
 void BSP_init(void) {
      ^~~~~~~~
In file included from ../../display_bsp/microblaze_0/include/xgpio.h:131:0,
                 from ../src/qpn_port.h:34,
                 from ../src/bsp.c:7:
../../display_bsp/microblaze_0/include/xstatus.h:61:41: warning: 'return' with a value, in function returning void
 #define XST_FAILURE                     1L
                                         ^
../src/bsp.c:301:10: note: in expansion of macro 'XST_FAILURE'
   return XST_FAILURE;
          ^~~~~~~~~~~
../src/bsp.c:229:6: note: declared here
 void BSP_init(void) {
      ^~~~~~~~
In file included from ../../display_bsp/microblaze_0/include/xgpio.h:131:0,
                 from ../src/qpn_port.h:34,
                 from ../src/bsp.c:7:
../../display_bsp/microblaze_0/include/xstatus.h:61:41: warning: 'return' with a value, in function returning void
 #define XST_FAILURE                     1L
                                         ^
../src/bsp.c:329:10: note: in expansion of macro 'XST_FAILURE'
   return XST_FAILURE;
          ^~~~~~~~~~~
../src/bsp.c:229:6: note: declared here
 void BSP_init(void) {
      ^~~~~~~~
In file included from ../../display_bsp/microblaze_0/include/xgpio.h:131:0,
                 from ../src/qpn_port.h:34,
                 from ../src/bsp.c:7:
../../display_bsp/microblaze_0/include/xstatus.h:61:41: warning: 'return' with a value, in function returning void
 #define XST_FAILURE                     1L
                                         ^
../src/bsp.c:338:10: note: in expansion of macro 'XST_FAILURE'
   return XST_FAILURE;
          ^~~~~~~~~~~
../src/bsp.c:229:6: note: declared here
 void BSP_init(void) {
      ^~~~~~~~
In file included from ../../display_bsp/microblaze_0/include/xgpio.h:131:0,
                 from ../src/qpn_port.h:34,
                 from ../src/bsp.c:7:
../../display_bsp/microblaze_0/include/xstatus.h:61:41: warning: 'return' with a value, in function returning void
 #define XST_FAILURE                     1L
                                         ^
../src/bsp.c:347:10: note: in expansion of macro 'XST_FAILURE'
   return XST_FAILURE;
          ^~~~~~~~~~~
../src/bsp.c:229:6: note: declared here
 void BSP_init(void) {
      ^~~~~~~~
In file included from ../../display_bsp/microblaze_0/include/xgpio.h:131:0,
                 from ../src/qpn_port.h:34,
                 from ../src/bsp.c:7:
../../display_bsp/microblaze_0/include/xstatus.h:61:41: warning: 'return' with a value, in function returning void
 #define XST_FAILURE                     1L
                                         ^
../src/bsp.c:356:10: note: in expansion of macro 'XST_FAILURE'
   return XST_FAILURE;
          ^~~~~~~~~~~
../src/bsp.c:229:6: note: declared here
 void BSP_init(void) {
      ^~~~~~~~
In file included from ../../display_bsp/microblaze_0/include/xgpio.h:131:0,
                 from ../src/qpn_port.h:34,
                 from ../src/bsp.c:7:
../src/bsp.c: In function 'QF_onStartup':
../../display_bsp/microblaze_0/include/xstatus.h:61:41: warning: 'return' with a value, in function returning void
 #define XST_FAILURE                     1L
                                         ^
../src/bsp.c:370:10: note: in expansion of macro 'XST_FAILURE'
   return XST_FAILURE;
          ^~~~~~~~~~~
../src/bsp.c:361:6: note: declared here
 void QF_onStartup(void) { /* entered with interrupts locked */
      ^~~~~~~~~~~~
Finished building: ../src/fonts.c
 
Building file: ../src/lab2a.c
Invoking: MicroBlaze gcc compiler
mb-gcc -Wall -O0 -g3 -c -fmessage-length=0 -MT"src/lab2a.o" -I../../display_bsp/microblaze_0/include -mlittle-endian -mxl-barrel-shift -mxl-pattern-compare -mcpu=v11.0 -mno-xl-soft-mul -Wl,--no-relax -ffunction-sections -fdata-sections -MMD -MP -MF"src/lab2a.d" -MT"src/lab2a.o" -o "src/lab2a.o" "../src/lab2a.c"
In file included from ../src/qpn_port.h:38:0,
                 from ../src/lab2a.c:8:
../../display_bsp/microblaze_0/include/xbasic_types.h:111:2: warning: #warning The xbasics_type.h file is deprecated and users should use xil_types.h and xil_assert. [-Wcpp]
 #warning  The xbasics_type.h file is deprecated and users should use xil_types.h and xil_assert.
  ^~~~~~~
../../display_bsp/microblaze_0/include/xbasic_types.h:112:2: warning: #warning Please refer the Standalone BSP UG647 for further details [-Wcpp]
 #warning  Please refer the Standalone BSP UG647 for further details
  ^~~~~~~
Finished building: ../src/lab2a.c
 
Building file: ../src/lcd.c
Invoking: MicroBlaze gcc compiler
mb-gcc -Wall -O0 -g3 -c -fmessage-length=0 -MT"src/lcd.o" -I../../display_bsp/microblaze_0/include -mlittle-endian -mxl-barrel-shift -mxl-pattern-compare -mcpu=v11.0 -mno-xl-soft-mul -Wl,--no-relax -ffunction-sections -fdata-sections -MMD -MP -MF"src/lcd.d" -MT"src/lcd.o" -o "src/lcd.o" "../src/lcd.c"
Finished building: ../src/lcd.c
 
Building file: ../src/main.c
Invoking: MicroBlaze gcc compiler
mb-gcc -Wall -O0 -g3 -c -fmessage-length=0 -MT"src/main.o" -I../../display_bsp/microblaze_0/include -mlittle-endian -mxl-barrel-shift -mxl-pattern-compare -mcpu=v11.0 -mno-xl-soft-mul -Wl,--no-relax -ffunction-sections -fdata-sections -MMD -MP -MF"src/main.d" -MT"src/main.o" -o "src/main.o" "../src/main.c"
In file included from ../src/qpn_port.h:38:0,
                 from ../src/main.c:6:
../../display_bsp/microblaze_0/include/xbasic_types.h:111:2: warning: #warning The xbasics_type.h file is deprecated and users should use xil_types.h and xil_assert. [-Wcpp]
 #warning  The xbasics_type.h file is deprecated and users should use xil_types.h and xil_assert.
  ^~~~~~~
../../display_bsp/microblaze_0/include/xbasic_types.h:112:2: warning: #warning Please refer the Standalone BSP UG647 for further details [-Wcpp]
 #warning  Please refer the Standalone BSP UG647 for further details
  ^~~~~~~
Finished building: ../src/main.c
 
Building file: ../src/qepn.c
Invoking: MicroBlaze gcc compiler
mb-gcc -Wall -O0 -g3 -c -fmessage-length=0 -MT"src/qepn.o" -I../../display_bsp/microblaze_0/include -mlittle-endian -mxl-barrel-shift -mxl-pattern-compare -mcpu=v11.0 -mno-xl-soft-mul -Wl,--no-relax -ffunction-sections -fdata-sections -MMD -MP -MF"src/qepn.d" -MT"src/qepn.o" -o "src/qepn.o" "../src/qepn.c"
In file included from ../src/qpn_port.h:38:0,
                 from ../src/qepn.c:28:
../../display_bsp/microblaze_0/include/xbasic_types.h:111:2: warning: #warning The xbasics_type.h file is deprecated and users should use xil_types.h and xil_assert. [-Wcpp]
 #warning  The xbasics_type.h file is deprecated and users should use xil_types.h and xil_assert.
  ^~~~~~~
../../display_bsp/microblaze_0/include/xbasic_types.h:112:2: warning: #warning Please refer the Standalone BSP UG647 for further details [-Wcpp]
 #warning  Please refer the Standalone BSP UG647 for further details
  ^~~~~~~
Finished building: ../src/qepn.c
 
Building file: ../src/qfn.c
Invoking: MicroBlaze gcc compiler
mb-gcc -Wall -O0 -g3 -c -fmessage-length=0 -MT"src/qfn.o" -I../../display_bsp/microblaze_0/include -mlittle-endian -mxl-barrel-shift -mxl-pattern-compare -mcpu=v11.0 -mno-xl-soft-mul -Wl,--no-relax -ffunction-sections -fdata-sections -MMD -MP -MF"src/qfn.d" -MT"src/qfn.o" -o "src/qfn.o" "../src/qfn.c"
In file included from ../src/qpn_port.h:38:0,
                 from ../src/qfn.c:28:
../../display_bsp/microblaze_0/include/xbasic_types.h:111:2: warning: #warning The xbasics_type.h file is deprecated and users should use xil_types.h and xil_assert. [-Wcpp]
 #warning  The xbasics_type.h file is deprecated and users should use xil_types.h and xil_assert.
  ^~~~~~~
../../display_bsp/microblaze_0/include/xbasic_types.h:112:2: warning: #warning Please refer the Standalone BSP UG647 for further details [-Wcpp]
 #warning  Please refer the Standalone BSP UG647 for further details
  ^~~~~~~
Finished building: ../src/qfn.c
 
Building file: ../src/qfn_init.c
Invoking: MicroBlaze gcc compiler
mb-gcc -Wall -O0 -g3 -c -fmessage-length=0 -MT"src/qfn_init.o" -I../../display_bsp/microblaze_0/include -mlittle-endian -mxl-barrel-shift -mxl-pattern-compare -mcpu=v11.0 -mno-xl-soft-mul -Wl,--no-relax -ffunction-sections -fdata-sections -MMD -MP -MF"src/qfn_init.d" -MT"src/qfn_init.o" -o "src/qfn_init.o" "../src/qfn_init.c"
In file included from ../src/qpn_port.h:38:0,
                 from ../src/qfn_init.c:28:
../../display_bsp/microblaze_0/include/xbasic_types.h:111:2: warning: #warning The xbasics_type.h file is deprecated and users should use xil_types.h and xil_assert. [-Wcpp]
 #warning  The xbasics_type.h file is deprecated and users should use xil_types.h and xil_assert.
  ^~~~~~~
../../display_bsp/microblaze_0/include/xbasic_types.h:112:2: warning: #warning Please refer the Standalone BSP UG647 for further details [-Wcpp]
 #warning  Please refer the Standalone BSP UG647 for further details
  ^~~~~~~
Finished building: ../src/qfn_init.c
 
Building target: display.elf
Invoking: MicroBlaze gcc linker
mb-gcc -Wl,-T -Wl,../src/lscript.ld -L../../display_bsp/microblaze_0/lib -mlittle-endian -mxl-barrel-shift -mxl-pattern-compare -mcpu=v11.0 -mno-xl-soft-mul -Wl,--no-relax -Wl,--gc-sections -o "display.elf"  ./src/bsp.o ./src/fonts.o ./src/lab2a.o ./src/lcd.o ./src/main.o ./src/qepn.o ./src/qfn.o ./src/qfn_init.o   -Wl,--start-group,-lxil,-lgcc,-lc,--end-group
Finished building target: display.elf
 
Invoking: MicroBlaze Print Size
mb-size display.elf  |tee "display.elf.size"
   text	   data	    bss	    dec	    hex	filename
  31040	   4768	   2624	  38432	   9620	display.elf
Finished building: display.elf.size
 

23:01:01 Build Finished (took 1s.705ms)

